<html>
<body>
<pre>
<h1>µVision Build Log</h1>
<h2>Tool Versions:</h2>
IDE-Version: ¦ÌVision V5.41.0.0
Copyright (C) 2024 ARM Ltd and ARM Germany GmbH. All rights reserved.
License Information: 1233 natu, dfdf, LIC=SDA0P-MBWBC-RA9DM-XXNQD-I7FG4-WTRSX
 
Tool Versions:
Toolchain:       RealView MDK-ARM  Version: 5.41.0.0
Toolchain Path:  E:\Keil\mdk_541\core\ARM\ARMCC\Bin
C Compiler:      Armcc.exe V5.06 update 7 (build 960)
Assembler:       Armasm.exe V5.06 update 7 (build 960)
Linker/Locator:  ArmLink.exe V5.06 update 7 (build 960)
Library Manager: ArmAr.exe V5.06 update 7 (build 960)
Hex Converter:   FromElf.exe V5.06 update 7 (build 960)
CPU DLL:         SARMCM3.DLL V5.41.0.0
Dialog DLL:      DCM.DLL V1.17.5.0
Target DLL:      CMSIS_AGDI.dll V1.33.21.0
Dialog DLL:      TCM.DLL V1.56.4.0
 
<h2>Project:</h2>
E:\ROV\ROV_STM32\MDK-ARM\ROV.uvprojx
Project File Date:  03/27/2025

<h2>Output:</h2>
*** Using Compiler 'V5.06 update 7 (build 960)', folder: 'E:\Keil\mdk_541\core\ARM\ARMCC\Bin'
Build target 'ROV'
compiling task_scheduling.c...
..\Hardware\interval_task_scheduler.h(51): warning:  #1-D: last line of file ends without a newline
  #endif
..\Hardware\task_scheduling.c(62): warning:  #1-D: last line of file ends without a newline
  }
..\Hardware\task_scheduling.c: 2 warnings, 0 errors
compiling control.c...
linking...
Program Size: Code=10582 RO-data=342 RW-data=88 ZI-data=10944  
FromELF: creating hex file...
"ROV\ROV.axf" - 0 Error(s), 2 Warning(s).

<h2>Software Packages used:</h2>

Package Vendor: ARM
                https://www.keil.com/pack/ARM.CMSIS.6.1.0.pack
                ARM::CMSIS@6.1.0
                CMSIS (Common Microcontroller Software Interface Standard)
   * Component: CORE Version: 6.1.0

Package Vendor: Keil
                http://www.keil.com/pack/Keil.STM32F1xx_DFP.2.2.0.pack
                Keil::STM32F1xx_DFP@2.2.0
                STMicroelectronics STM32F1 Series Device Support, Drivers and Examples

<h2>Collection of Component include folders:</h2>
  ./RTE/_ROV
  E:/Keil/mdk_541/pack/ARM/CMSIS/6.1.0/CMSIS/Core/Include
  E:/Keil/mdk_541/pack/Keil/STM32F1xx_DFP/2.2.0/Device/Include

<h2>Collection of Component Files used:</h2>

   * Component: ARM::CMSIS:CORE@6.1.0
      Include file:  CMSIS/Core/Include/tz_context.h
Build Time Elapsed:  00:00:01
</pre>
</body>
</html>
