Component: ARM Compiler 5.06 update 7 (build 960) Tool: armlink [4d3601]

==============================================================================

Section Cross References

    startup_stm32f103xb.o(RESET) refers to startup_stm32f103xb.o(STACK) for __initial_sp
    startup_stm32f103xb.o(RESET) refers to startup_stm32f103xb.o(.text) for Reset_Handler
    startup_stm32f103xb.o(RESET) refers to stm32f1xx_it.o(i.NMI_Handler) for NMI_Handler
    startup_stm32f103xb.o(RESET) refers to stm32f1xx_it.o(i.HardFault_Handler) for HardFault_Handler
    startup_stm32f103xb.o(RESET) refers to stm32f1xx_it.o(i.MemManage_Handler) for MemManage_Handler
    startup_stm32f103xb.o(RESET) refers to stm32f1xx_it.o(i.BusFault_Handler) for BusFault_Handler
    startup_stm32f103xb.o(RESET) refers to stm32f1xx_it.o(i.UsageFault_Handler) for UsageFault_Handler
    startup_stm32f103xb.o(RESET) refers to stm32f1xx_it.o(i.SVC_Handler) for SVC_Handler
    startup_stm32f103xb.o(RESET) refers to stm32f1xx_it.o(i.DebugMon_Handler) for DebugMon_Handler
    startup_stm32f103xb.o(RESET) refers to stm32f1xx_it.o(i.PendSV_Handler) for PendSV_Handler
    startup_stm32f103xb.o(RESET) refers to stm32f1xx_it.o(i.SysTick_Handler) for SysTick_Handler
    startup_stm32f103xb.o(RESET) refers to stm32f1xx_it.o(i.DMA1_Channel4_IRQHandler) for DMA1_Channel4_IRQHandler
    startup_stm32f103xb.o(RESET) refers to stm32f1xx_it.o(i.DMA1_Channel5_IRQHandler) for DMA1_Channel5_IRQHandler
    startup_stm32f103xb.o(RESET) refers to stm32f1xx_it.o(i.DMA1_Channel6_IRQHandler) for DMA1_Channel6_IRQHandler
    startup_stm32f103xb.o(RESET) refers to stm32f1xx_it.o(i.DMA1_Channel7_IRQHandler) for DMA1_Channel7_IRQHandler
    startup_stm32f103xb.o(RESET) refers to stm32f1xx_it.o(i.TIM4_IRQHandler) for TIM4_IRQHandler
    startup_stm32f103xb.o(RESET) refers to stm32f1xx_it.o(i.USART1_IRQHandler) for USART1_IRQHandler
    startup_stm32f103xb.o(RESET) refers to stm32f1xx_it.o(i.USART2_IRQHandler) for USART2_IRQHandler
    startup_stm32f103xb.o(.text) refers to system_stm32f1xx.o(i.SystemInit) for SystemInit
    startup_stm32f103xb.o(.text) refers to entry.o(.ARM.Collect$$$$00000000) for __main
    main.o(i.SystemClock_Config) refers to memseta.o(.text) for __aeabi_memclr4
    main.o(i.SystemClock_Config) refers to stm32f1xx_hal_rcc.o(i.HAL_RCC_OscConfig) for HAL_RCC_OscConfig
    main.o(i.SystemClock_Config) refers to stm32f1xx_hal_rcc.o(i.HAL_RCC_ClockConfig) for HAL_RCC_ClockConfig
    main.o(i.main) refers to stm32f1xx_hal.o(i.HAL_Init) for HAL_Init
    main.o(i.main) refers to main.o(i.SystemClock_Config) for SystemClock_Config
    main.o(i.main) refers to gpio.o(i.MX_GPIO_Init) for MX_GPIO_Init
    main.o(i.main) refers to dma.o(i.MX_DMA_Init) for MX_DMA_Init
    main.o(i.main) refers to tim.o(i.MX_TIM2_Init) for MX_TIM2_Init
    main.o(i.main) refers to tim.o(i.MX_TIM3_Init) for MX_TIM3_Init
    main.o(i.main) refers to usart.o(i.MX_USART1_UART_Init) for MX_USART1_UART_Init
    main.o(i.main) refers to usart.o(i.MX_USART2_UART_Init) for MX_USART2_UART_Init
    main.o(i.main) refers to i2c.o(i.MX_I2C1_Init) for MX_I2C1_Init
    main.o(i.main) refers to tim.o(i.MX_TIM1_Init) for MX_TIM1_Init
    main.o(i.main) refers to tim.o(i.MX_TIM4_Init) for MX_TIM4_Init
    main.o(i.main) refers to queue.o(i.SeqQueueInit) for SeqQueueInit
    main.o(i.main) refers to sys.o(i.System_TaskInit) for System_TaskInit
    main.o(i.main) refers to task_scheduling.o(i.Task_scheduling_start) for Task_scheduling_start
    gpio.o(i.MX_GPIO_Init) refers to stm32f1xx_hal_gpio.o(i.HAL_GPIO_WritePin) for HAL_GPIO_WritePin
    gpio.o(i.MX_GPIO_Init) refers to stm32f1xx_hal_gpio.o(i.HAL_GPIO_Init) for HAL_GPIO_Init
    dma.o(i.MX_DMA_Init) refers to stm32f1xx_hal_cortex.o(i.HAL_NVIC_SetPriority) for HAL_NVIC_SetPriority
    dma.o(i.MX_DMA_Init) refers to stm32f1xx_hal_cortex.o(i.HAL_NVIC_EnableIRQ) for HAL_NVIC_EnableIRQ
    i2c.o(i.HAL_I2C_MspDeInit) refers to stm32f1xx_hal_gpio.o(i.HAL_GPIO_DeInit) for HAL_GPIO_DeInit
    i2c.o(i.HAL_I2C_MspInit) refers to stm32f1xx_hal_gpio.o(i.HAL_GPIO_Init) for HAL_GPIO_Init
    i2c.o(i.MX_I2C1_Init) refers to stm32f1xx_hal_i2c.o(i.HAL_I2C_Init) for HAL_I2C_Init
    i2c.o(i.MX_I2C1_Init) refers to main.o(i.Error_Handler) for Error_Handler
    i2c.o(i.MX_I2C1_Init) refers to i2c.o(.bss) for .bss
    tim.o(i.HAL_TIM_Base_MspDeInit) refers to stm32f1xx_hal_cortex.o(i.HAL_NVIC_DisableIRQ) for HAL_NVIC_DisableIRQ
    tim.o(i.HAL_TIM_Base_MspInit) refers to stm32f1xx_hal_cortex.o(i.HAL_NVIC_SetPriority) for HAL_NVIC_SetPriority
    tim.o(i.HAL_TIM_Base_MspInit) refers to stm32f1xx_hal_cortex.o(i.HAL_NVIC_EnableIRQ) for HAL_NVIC_EnableIRQ
    tim.o(i.HAL_TIM_MspPostInit) refers to stm32f1xx_hal_gpio.o(i.HAL_GPIO_Init) for HAL_GPIO_Init
    tim.o(i.MX_TIM1_Init) refers to memseta.o(.text) for __aeabi_memclr4
    tim.o(i.MX_TIM1_Init) refers to stm32f1xx_hal_tim.o(i.HAL_TIM_Base_Init) for HAL_TIM_Base_Init
[...]
    Removing ms5837.o(i.MS5837_Read), (204 bytes).
    Removing ms5837.o(i.MS5837_SetOffset), (12 bytes).
    Removing ms5837.o(i.MS5837_depth), (52 bytes).
    Removing ms5837.o(i.MS5837_pressure), (36 bytes).
    Removing ms5837.o(i.MS5837_temperature), (28 bytes).
    Removing ms5837.o(.bss), (32 bytes).
    Removing ms5837.o(.data), (28 bytes).
    Removing motor.o(.rev16_text), (4 bytes).
    Removing motor.o(.revsh_text), (4 bytes).
    Removing motor.o(.rrx_text), (6 bytes).
    Removing motor.o(i.Motor_Init), (100 bytes).
    Removing motor.o(i.Motor_SetLow), (40 bytes).
    Removing motor.o(i.Motor_SetOne), (44 bytes).
    Removing motor.o(i.Motor_SetSpeed), (192 bytes).
    Removing motor.o(i.Motor_SetTwo), (44 bytes).
    Removing motor.o(i.Motor_fun), (72 bytes).
    Removing motor.o(.bss), (12 bytes).
    Removing led.o(.rev16_text), (4 bytes).
    Removing led.o(.revsh_text), (4 bytes).
    Removing led.o(.rrx_text), (6 bytes).
    Removing led.o(i.LED1_OFF), (16 bytes).
    Removing led.o(i.LED1_ON), (16 bytes).
    Removing led.o(i.LED2_OFF), (16 bytes).
    Removing led.o(i.LED2_ON), (16 bytes).
    Removing led.o(i.LED3_OFF), (16 bytes).
    Removing led.o(i.LED3_ON), (16 bytes).
    Removing jy901.o(.rev16_text), (4 bytes).
    Removing jy901.o(.revsh_text), (4 bytes).
    Removing jy901.o(.rrx_text), (6 bytes).
    Removing jy901.o(i.CharToShort), (6 bytes).
    Removing jy901.o(i.JY901_DataHandler), (336 bytes).
    Removing jy901.o(i.JY901_Queme_Init), (2 bytes).
    Removing jy901.o(i.ShortToChar), (8 bytes).
    Removing jy901.o(.bss), (288 bytes).
    Removing jy901.o(.bss), (36 bytes).
    Removing jy901.o(.data), (26 bytes).
    Removing jy901.o(.data), (8 bytes).
    Removing jy901.o(.data), (8 bytes).
    Removing jy901.o(.data), (8 bytes).
    Removing jy901.o(.data), (8 bytes).
    Removing jy901.o(.data), (8 bytes).
    Removing jy901.o(.data), (8 bytes).
    Removing jy901.o(.data), (8 bytes).
    Removing control.o(.rev16_text), (4 bytes).
    Removing control.o(.revsh_text), (4 bytes).
    Removing control.o(.rrx_text), (6 bytes).
    Removing control.o(i.Control_Handle), (240 bytes).
    Removing control.o(i.Control_Init), (188 bytes).
    Removing control.o(i.Control_Inner_loop), (256 bytes).
    Removing control.o(i.Control_Outter_loop), (40 bytes).
    Removing control.o(i.Control_Setmode), (24 bytes).
    Removing control.o(i.Ismode), (20 bytes).
    Removing control.o(.bss), (240 bytes).
    Removing control.o(.data), (9 bytes).
    Removing i2c1.o(.rev16_text), (4 bytes).
    Removing i2c1.o(.revsh_text), (4 bytes).
    Removing i2c1.o(.rrx_text), (6 bytes).
    Removing i2c1.o(i.I2C_ReadBuffer), (28 bytes).
    Removing i2c1.o(i.I2C_Single_Read), (32 bytes).
    Removing i2c1.o(i.I2C_Single_Write), (36 bytes).
    Removing i2c1.o(i.I2C_WriteBuffer), (28 bytes).
    Removing i2c1.o(i.I2C_delay_ms), (4 bytes).
    Removing command.o(.rev16_text), (4 bytes).
    Removing command.o(.revsh_text), (4 bytes).
    Removing command.o(.rrx_text), (6 bytes).
    Removing command.o(i.Check_Tail_Of_Data), (40 bytes).
    Removing command.o(i.Command_Handler_R), (104 bytes).
    Removing command.o(i.Engine_DataHandler), (28 bytes).
    Removing command.o(i.Get_Expected_Lenth_Of_Array), (56 bytes).
    Removing command.o(i.Handle_Handler), (24 bytes).
    Removing command.o(i.Is_Startbit), (32 bytes).
    Removing command.o(i.Mode_Handler), (12 bytes).
    Removing command.o(i.PID_DataHandler), (56 bytes).
    Removing command.o(i.Save_Data), (60 bytes).
    Removing command.o(i.Select_Server_Func), (152 bytes).
    Removing command.o(i.Setpara_Handler), (28 bytes).
    Removing command.o(i.UpdateStatus), (144 bytes).
    Removing command.o(.bss), (256 bytes).
    Removing command.o(.data), (1 bytes).
    Removing command.o(.data), (6 bytes).
    Removing board.o(.rev16_text), (4 bytes).
    Removing board.o(.revsh_text), (4 bytes).
    Removing board.o(.rrx_text), (6 bytes).
    Removing board.o(i.Board_Init), (14 bytes).
    Removing protocol.o(i.build_packet), (118 bytes).
    Removing protocol.o(i.cacul_packet_size), (22 bytes).
    Removing protocol.o(i.check_packet_header), (50 bytes).
    Removing protocol.o(i.check_packet_tail), (50 bytes).
    Removing protocol.o(i.parse_packet), (74 bytes).
    Removing protocol.o(i.parse_packet_async), (288 bytes).
    Removing protocol.o(i.protocol_manager_del), (38 bytes).
    Removing protocol.o(i.protocol_manager_new), (392 bytes).
    Removing protocol.o(i.transmit_data), (22 bytes).
    Removing protocol.o(.data), (16 bytes).
    Removing sys.o(.rev16_text), (4 bytes).
    Removing sys.o(.revsh_text), (4 bytes).
    Removing sys.o(.rrx_text), (6 bytes).
    Removing sys.o(i.System_AllTaskDisable), (28 bytes).
    Removing sys.o(i.System_GetSoftWatchDogState), (4 bytes).
    Removing sys.o(i.System_SoftWatchDogFeed), (10 bytes).
    Removing sys.o(i.System_SoftWatchDogInit), (8 bytes).
    Removing sys.o(i.System_SoftWatchDogUpdate), (14 bytes).
    Removing sys.o(i.System_TaskDisable), (24 bytes).
    Removing sys.o(i.System_TaskEnable), (24 bytes).
    Removing sys.o(i.System_TaskOut), (20 bytes).
    Removing sys.o(i.System_TaskRun), (260 bytes).
    Removing task.o(.rev16_text), (4 bytes).
    Removing task.o(.revsh_text), (4 bytes).
    Removing task.o(.rrx_text), (6 bytes).
    Removing task.o(.data), (1 bytes).
    Removing fadd.o(.text), (176 bytes).
    Removing fmul.o(.text), (100 bytes).
    Removing fdiv.o(.text), (124 bytes).
    Removing fscalb.o(.text), (24 bytes).
    Removing dadd.o(.text), (334 bytes).
    Removing dmul.o(.text), (228 bytes).
    Removing ddiv.o(.text), (222 bytes).
    Removing dscalb.o(.text), (46 bytes).
    Removing fflti.o(.text), (18 bytes).
    Removing ffltui.o(.text), (10 bytes).
    Removing dflti.o(.text), (34 bytes).
    Removing ffixi.o(.text), (50 bytes).
    Removing dfixui.o(.text), (50 bytes).
    Removing f2d.o(.text), (38 bytes).
    Removing cdcmple.o(.text), (48 bytes).
    Removing cdrcmple.o(.text), (48 bytes).
    Removing d2f.o(.text), (56 bytes).
    Removing cfcmple.o(.text), (20 bytes).
    Removing fepilogue.o(.text), (110 bytes).
    Removing depilogue.o(.text), (186 bytes).
    Removing dfixul.o(.text), (48 bytes).
    Removing list_interface.o(i.list_get_fir_data_i), (6 bytes).
    Removing list_interface.o(i.list_get_next_data_i), (6 bytes).
    Removing list_interface.o(i.list_find_i), (6 bytes).
    Removing list_interface.o(i.list_remove_i), (6 bytes).

627 unused section(s) (total 47275 bytes) removed from the image.

==============================================================================

Image Symbol Table

    Local Symbols

    Symbol Name                              Value     Ov Type        Size  Object(Section)

    ../Core/Src/dma.c                        0x00000000   Number         0  dma.o ABSOLUTE
    ../Core/Src/gpio.c                       0x00000000   Number         0  gpio.o ABSOLUTE
    ../Core/Src/i2c.c                        0x00000000   Number         0  i2c.o ABSOLUTE
    ../Core/Src/main.c                       0x00000000   Number         0  main.o ABSOLUTE
    ../Core/Src/stm32f1xx_hal_msp.c          0x00000000   Number         0  stm32f1xx_hal_msp.o ABSOLUTE
    ../Core/Src/stm32f1xx_it.c               0x00000000   Number         0  stm32f1xx_it.o ABSOLUTE
    ../Core/Src/system_stm32f1xx.c           0x00000000   Number         0  system_stm32f1xx.o ABSOLUTE
    ../Core/Src/tim.c                        0x00000000   Number         0  tim.o ABSOLUTE
    ../Core/Src/usart.c                      0x00000000   Number         0  usart.o ABSOLUTE
    ../Drivers/STM32F1xx_HAL_Driver/Src/stm32f1xx_hal.c 0x00000000   Number         0  stm32f1xx_hal.o ABSOLUTE
    ../Drivers/STM32F1xx_HAL_Driver/Src/stm32f1xx_hal_cortex.c 0x00000000   Number         0  stm32f1xx_hal_cortex.o ABSOLUTE
    ../Drivers/STM32F1xx_HAL_Driver/Src/stm32f1xx_hal_dma.c 0x00000000   Number         0  stm32f1xx_hal_dma.o ABSOLUTE
    ../Drivers/STM32F1xx_HAL_Driver/Src/stm32f1xx_hal_exti.c 0x00000000   Number         0  stm32f1xx_hal_exti.o ABSOLUTE
    ../Drivers/STM32F1xx_HAL_Driver/Src/stm32f1xx_hal_flash.c 0x00000000   Number         0  stm32f1xx_hal_flash.o ABSOLUTE
    ../Drivers/STM32F1xx_HAL_Driver/Src/stm32f1xx_hal_flash_ex.c 0x00000000   Number         0  stm32f1xx_hal_flash_ex.o ABSOLUTE
    ../Drivers/STM32F1xx_HAL_Driver/Src/stm32f1xx_hal_gpio.c 0x00000000   Number         0  stm32f1xx_hal_gpio.o ABSOLUTE
    ../Drivers/STM32F1xx_HAL_Driver/Src/stm32f1xx_hal_gpio_ex.c 0x00000000   Number         0  stm32f1xx_hal_gpio_ex.o ABSOLUTE
    ../Drivers/STM32F1xx_HAL_Driver/Src/stm32f1xx_hal_i2c.c 0x00000000   Number         0  stm32f1xx_hal_i2c.o ABSOLUTE
    ../Drivers/STM32F1xx_HAL_Driver/Src/stm32f1xx_hal_pwr.c 0x00000000   Number         0  stm32f1xx_hal_pwr.o ABSOLUTE
    ../Drivers/STM32F1xx_HAL_Driver/Src/stm32f1xx_hal_rcc.c 0x00000000   Number         0  stm32f1xx_hal_rcc.o ABSOLUTE
    ../Drivers/STM32F1xx_HAL_Driver/Src/stm32f1xx_hal_rcc_ex.c 0x00000000   Number         0  stm32f1xx_hal_rcc_ex.o ABSOLUTE
    ../Drivers/STM32F1xx_HAL_Driver/Src/stm32f1xx_hal_tim.c 0x00000000   Number         0  stm32f1xx_hal_tim.o ABSOLUTE
    ../Drivers/STM32F1xx_HAL_Driver/Src/stm32f1xx_hal_tim_ex.c 0x00000000   Number         0  stm32f1xx_hal_tim_ex.o ABSOLUTE
    ../Drivers/STM32F1xx_HAL_Driver/Src/stm32f1xx_hal_uart.c 0x00000000   Number         0  stm32f1xx_hal_uart.o ABSOLUTE
    ../clib/microlib/division.c              0x00000000   Number         0  ldiv.o ABSOLUTE
    ../clib/microlib/division.c              0x00000000   Number         0  uldiv.o ABSOLUTE
    ../clib/microlib/division.c              0x00000000   Number         0  uidiv.o ABSOLUTE
    ../clib/microlib/init/entry.s            0x00000000   Number         0  entry12b.o ABSOLUTE
    ../clib/microlib/init/entry.s            0x00000000   Number         0  entry8b.o ABSOLUTE
    ../clib/microlib/init/entry.s            0x00000000   Number         0  entry5.o ABSOLUTE
    ../clib/microlib/init/entry.s            0x00000000   Number         0  entry7b.o ABSOLUTE
    ../clib/microlib/init/entry.s            0x00000000   Number         0  entry9a.o ABSOLUTE
    ../clib/microlib/init/entry.s            0x00000000   Number         0  entry9b.o ABSOLUTE
    ../clib/microlib/init/entry.s            0x00000000   Number         0  entry2.o ABSOLUTE
    ../clib/microlib/init/entry.s            0x00000000   Number         0  entry10b.o ABSOLUTE
    ../clib/microlib/init/entry.s            0x00000000   Number         0  entry11a.o ABSOLUTE
    ../clib/microlib/init/entry.s            0x00000000   Number         0  entry12a.o ABSOLUTE
    ../clib/microlib/init/entry.s            0x00000000   Number         0  entry8a.o ABSOLUTE
    ../clib/microlib/init/entry.s            0x00000000   Number         0  entry11b.o ABSOLUTE
    ../clib/microlib/init/entry.s            0x00000000   Number         0  entry7a.o ABSOLUTE
    ../clib/microlib/init/entry.s            0x00000000   Number         0  entry.o ABSOLUTE
    ../clib/microlib/init/entry.s            0x00000000   Number         0  entry10a.o ABSOLUTE
    ../clib/microlib/longlong.c              0x00000000   Number         0  llsshr.o ABSOLUTE
    ../clib/microlib/longlong.c              0x00000000   Number         0  llshl.o ABSOLUTE
    ../clib/microlib/longlong.c              0x00000000   Number         0  llushr.o ABSOLUTE
    ../clib/microlib/malloc/calloc.c         0x00000000   Number         0  calloc.o ABSOLUTE
    ../clib/microlib/malloc/malloc.c         0x00000000   Number         0  mallocra.o ABSOLUTE
    ../clib/microlib/malloc/malloc.c         0x00000000   Number         0  malloca.o ABSOLUTE
    ../clib/microlib/malloc/malloc.c         0x00000000   Number         0  mallocr.o ABSOLUTE
    ../clib/microlib/malloc/malloc.c         0x00000000   Number         0  malloc.o ABSOLUTE
    ../clib/microlib/malloc/mvars.c          0x00000000   Number         0  mvars.o ABSOLUTE
    ../clib/microlib/printf/printf.c         0x00000000   Number         0  printf6.o ABSOLUTE
    ../clib/microlib/printf/printf.c         0x00000000   Number         0  printf5.o ABSOLUTE
    ../clib/microlib/printf/printf.c         0x00000000   Number         0  printf4.o ABSOLUTE
    ../clib/microlib/printf/printf.c         0x00000000   Number         0  printf2.o ABSOLUTE
    ../clib/microlib/printf/printf.c         0x00000000   Number         0  printf1.o ABSOLUTE
    ../clib/microlib/printf/printf.c         0x00000000   Number         0  printf0.o ABSOLUTE
    ../clib/microlib/printf/printf.c         0x00000000   Number         0  printfb.o ABSOLUTE
    ../clib/microlib/printf/printf.c         0x00000000   Number         0  printfa.o ABSOLUTE
    ../clib/microlib/printf/printf.c         0x00000000   Number         0  printf3.o ABSOLUTE
    ../clib/microlib/printf/printf.c         0x00000000   Number         0  printf8.o ABSOLUTE
    ../clib/microlib/printf/printf.c         0x00000000   Number         0  printf7.o ABSOLUTE
    ../clib/microlib/printf/stubs.s          0x00000000   Number         0  stubs.o ABSOLUTE
    ../clib/microlib/stdio/streams.c         0x00000000   Number         0  stdout.o ABSOLUTE
    ../clib/microlib/string/memcpy.c         0x00000000   Number         0  memcpya.o ABSOLUTE
    ../clib/microlib/string/memcpy.c         0x00000000   Number         0  memcpyb.o ABSOLUTE
    ../clib/microlib/string/memset.c         0x00000000   Number         0  memseta.o ABSOLUTE
    ../clib/microlib/stubs.s                 0x00000000   Number         0  iusefp.o ABSOLUTE
    ../fplib/microlib/d2f.c                  0x00000000   Number         0  d2f.o ABSOLUTE
    ../fplib/microlib/f2d.c                  0x00000000   Number         0  f2d.o ABSOLUTE
    ../fplib/microlib/fpadd.c                0x00000000   Number         0  fadd.o ABSOLUTE
    ../fplib/microlib/fpadd.c                0x00000000   Number         0  dadd.o ABSOLUTE
    ../fplib/microlib/fpdiv.c                0x00000000   Number         0  fdiv.o ABSOLUTE
    ../fplib/microlib/fpdiv.c                0x00000000   Number         0  ddiv.o ABSOLUTE
    ../fplib/microlib/fpepilogue.c           0x00000000   Number         0  fepilogue.o ABSOLUTE
    ../fplib/microlib/fpepilogue.c           0x00000000   Number         0  depilogue.o ABSOLUTE
    ../fplib/microlib/fpfix.c                0x00000000   Number         0  dfixul.o ABSOLUTE
    ../fplib/microlib/fpfix.c                0x00000000   Number         0  ffixi.o ABSOLUTE
    ../fplib/microlib/fpfix.c                0x00000000   Number         0  dfixui.o ABSOLUTE
    ../fplib/microlib/fpflt.c                0x00000000   Number         0  ffltui.o ABSOLUTE
    ../fplib/microlib/fpflt.c                0x00000000   Number         0  fflti.o ABSOLUTE
    ../fplib/microlib/fpflt.c                0x00000000   Number         0  dflti.o ABSOLUTE
    ../fplib/microlib/fpmul.c                0x00000000   Number         0  dmul.o ABSOLUTE
    ../fplib/microlib/fpmul.c                0x00000000   Number         0  fmul.o ABSOLUTE
    ../fplib/microlib/fpscalb.c              0x00000000   Number         0  dscalb.o ABSOLUTE
    ../fplib/microlib/fpscalb.c              0x00000000   Number         0  fscalb.o ABSOLUTE
    ..\Core\Src\dma.c                        0x00000000   Number         0  dma.o ABSOLUTE
    ..\Core\Src\gpio.c                       0x00000000   Number         0  gpio.o ABSOLUTE
    ..\Core\Src\i2c.c                        0x00000000   Number         0  i2c.o ABSOLUTE
    ..\Core\Src\main.c                       0x00000000   Number         0  main.o ABSOLUTE
    ..\Core\Src\stm32f1xx_hal_msp.c          0x00000000   Number         0  stm32f1xx_hal_msp.o ABSOLUTE
    ..\Core\Src\stm32f1xx_it.c               0x00000000   Number         0  stm32f1xx_it.o ABSOLUTE
    ..\Core\Src\system_stm32f1xx.c           0x00000000   Number         0  system_stm32f1xx.o ABSOLUTE
    ..\Core\Src\tim.c                        0x00000000   Number         0  tim.o ABSOLUTE
    ..\Core\Src\usart.c                      0x00000000   Number         0  usart.o ABSOLUTE
    ..\Drivers\STM32F1xx_HAL_Driver\Src\stm32f1xx_hal.c 0x00000000   Number         0  stm32f1xx_hal.o ABSOLUTE
    ..\Drivers\STM32F1xx_HAL_Driver\Src\stm32f1xx_hal_cortex.c 0x00000000   Number         0  stm32f1xx_hal_cortex.o ABSOLUTE
    ..\Drivers\STM32F1xx_HAL_Driver\Src\stm32f1xx_hal_dma.c 0x00000000   Number         0  stm32f1xx_hal_dma.o ABSOLUTE
    ..\Drivers\STM32F1xx_HAL_Driver\Src\stm32f1xx_hal_exti.c 0x00000000   Number         0  stm32f1xx_hal_exti.o ABSOLUTE
    ..\Drivers\STM32F1xx_HAL_Driver\Src\stm32f1xx_hal_flash.c 0x00000000   Number         0  stm32f1xx_hal_flash.o ABSOLUTE
    ..\Drivers\STM32F1xx_HAL_Driver\Src\stm32f1xx_hal_flash_ex.c 0x00000000   Number         0  stm32f1xx_hal_flash_ex.o ABSOLUTE
    ..\Drivers\STM32F1xx_HAL_Driver\Src\stm32f1xx_hal_gpio.c 0x00000000   Number         0  stm32f1xx_hal_gpio.o ABSOLUTE
    ..\Drivers\STM32F1xx_HAL_Driver\Src\stm32f1xx_hal_gpio_ex.c 0x00000000   Number         0  stm32f1xx_hal_gpio_ex.o ABSOLUTE
    ..\Drivers\STM32F1xx_HAL_Driver\Src\stm32f1xx_hal_i2c.c 0x00000000   Number         0  stm32f1xx_hal_i2c.o ABSOLUTE
    ..\Drivers\STM32F1xx_HAL_Driver\Src\stm32f1xx_hal_pwr.c 0x00000000   Number         0  stm32f1xx_hal_pwr.o ABSOLUTE
    ..\Drivers\STM32F1xx_HAL_Driver\Src\stm32f1xx_hal_rcc.c 0x00000000   Number         0  stm32f1xx_hal_rcc.o ABSOLUTE
    ..\Drivers\STM32F1xx_HAL_Driver\Src\stm32f1xx_hal_rcc_ex.c 0x00000000   Number         0  stm32f1xx_hal_rcc_ex.o ABSOLUTE
    ..\Drivers\STM32F1xx_HAL_Driver\Src\stm32f1xx_hal_tim.c 0x00000000   Number         0  stm32f1xx_hal_tim.o ABSOLUTE
    ..\Drivers\STM32F1xx_HAL_Driver\Src\stm32f1xx_hal_tim_ex.c 0x00000000   Number         0  stm32f1xx_hal_tim_ex.o ABSOLUTE
    ..\Drivers\STM32F1xx_HAL_Driver\Src\stm32f1xx_hal_uart.c 0x00000000   Number         0  stm32f1xx_hal_uart.o ABSOLUTE
    ..\Hardware\I2C1.c                       0x00000000   Number         0  i2c1.o ABSOLUTE
    ..\Hardware\JY901.c                      0x00000000   Number         0  jy901.o ABSOLUTE
    ..\Hardware\LED.c                        0x00000000   Number         0  led.o ABSOLUTE
    ..\Hardware\MS5837.c                     0x00000000   Number         0  ms5837.o ABSOLUTE
    ..\Hardware\PID.c                        0x00000000   Number         0  pid.o ABSOLUTE
    ..\Hardware\Queue.c                      0x00000000   Number         0  queue.o ABSOLUTE
    ..\Hardware\board.c                      0x00000000   Number         0  board.o ABSOLUTE
    ..\Hardware\command.c                    0x00000000   Number         0  command.o ABSOLUTE
    ..\Hardware\control.c                    0x00000000   Number         0  control.o ABSOLUTE
    ..\Hardware\dma_circular_queue.c         0x00000000   Number         0  dma_circular_queue.o ABSOLUTE
    ..\Hardware\interval_task_scheduler.c    0x00000000   Number         0  interval_task_scheduler.o ABSOLUTE
    ..\Hardware\list_interface.c             0x00000000   Number         0  list_interface.o ABSOLUTE
    ..\Hardware\motor.c                      0x00000000   Number         0  motor.o ABSOLUTE
    ..\Hardware\protocol.c                   0x00000000   Number         0  protocol.o ABSOLUTE
    ..\Hardware\singly_list.c                0x00000000   Number         0  singly_list.o ABSOLUTE
    ..\Hardware\sys.c                        0x00000000   Number         0  sys.o ABSOLUTE
    ..\Hardware\task.c                       0x00000000   Number         0  task.o ABSOLUTE
    ..\Hardware\task_scheduling.c            0x00000000   Number         0  task_scheduling.o ABSOLUTE
    ..\Hardware\tools.c                      0x00000000   Number         0  tools.o ABSOLUTE
    ..\System\Delay.c                        0x00000000   Number         0  delay.o ABSOLUTE
    ..\System\usart1.c                       0x00000000   Number         0  usart1.o ABSOLUTE
    ..\System\usart2.c                       0x00000000   Number         0  usart2.o ABSOLUTE
    ..\\Hardware\\I2C1.c                     0x00000000   Number         0  i2c1.o ABSOLUTE
    ..\\Hardware\\JY901.c                    0x00000000   Number         0  jy901.o ABSOLUTE
    ..\\Hardware\\LED.c                      0x00000000   Number         0  led.o ABSOLUTE
    ..\\Hardware\\MS5837.c                   0x00000000   Number         0  ms5837.o ABSOLUTE
    ..\\Hardware\\PID.c                      0x00000000   Number         0  pid.o ABSOLUTE
    ..\\Hardware\\board.c                    0x00000000   Number         0  board.o ABSOLUTE
    ..\\Hardware\\command.c                  0x00000000   Number         0  command.o ABSOLUTE
    ..\\Hardware\\control.c                  0x00000000   Number         0  control.o ABSOLUTE
    ..\\Hardware\\motor.c                    0x00000000   Number         0  motor.o ABSOLUTE
    ..\\Hardware\\sys.c                      0x00000000   Number         0  sys.o ABSOLUTE
    ..\\Hardware\\task.c                     0x00000000   Number         0  task.o ABSOLUTE
    ..\\Hardware\\task_scheduling.c          0x00000000   Number         0  task_scheduling.o ABSOLUTE
    ..\\System\\Delay.c                      0x00000000   Number         0  delay.o ABSOLUTE
    ..\\System\\usart1.c                     0x00000000   Number         0  usart1.o ABSOLUTE
    ..\\System\\usart2.c                     0x00000000   Number         0  usart2.o ABSOLUTE
    cdcmple.s                                0x00000000   Number         0  cdcmple.o ABSOLUTE
    cdrcmple.s                               0x00000000   Number         0  cdrcmple.o ABSOLUTE
    cfcmple.s                                0x00000000   Number         0  cfcmple.o ABSOLUTE
    dc.s                                     0x00000000   Number         0  dc.o ABSOLUTE
    handlers.s                               0x00000000   Number         0  handlers.o ABSOLUTE
    init.s                                   0x00000000   Number         0  init.o ABSOLUTE
    startup_stm32f103xb.s                    0x00000000   Number         0  startup_stm32f103xb.o ABSOLUTE
    RESET                                    0x08000000   Section      236  startup_stm32f103xb.o(RESET)
    .ARM.Collect$$$$00000000                 0x080000ec   Section        0  entry.o(.ARM.Collect$$$$00000000)
    .ARM.Collect$$$$00000001                 0x080000ec   Section        4  entry2.o(.ARM.Collect$$$$00000001)
    .ARM.Collect$$$$00000004                 0x080000f0   Section        4  entry5.o(.ARM.Collect$$$$00000004)
    .ARM.Collect$$$$00000008                 0x080000f4   Section        0  entry7b.o(.ARM.Collect$$$$00000008)
    .ARM.Collect$$$$0000000A                 0x080000f4   Section        0  entry8b.o(.ARM.Collect$$$$0000000A)
    .ARM.Collect$$$$0000000B                 0x080000f4   Section        8  entry9a.o(.ARM.Collect$$$$0000000B)
    .ARM.Collect$$$$0000000E                 0x080000fc   Section        4  entry12b.o(.ARM.Collect$$$$0000000E)
    .ARM.Collect$$$$0000000F                 0x08000100   Section        0  entry10a.o(.ARM.Collect$$$$0000000F)
    .ARM.Collect$$$$00000011                 0x08000100   Section        0  entry11a.o(.ARM.Collect$$$$00000011)
    .ARM.Collect$$$$00002712                 0x08000100   Section        4  entry2.o(.ARM.Collect$$$$00002712)
    __lit__00000000                          0x08000100   Data           4  entry2.o(.ARM.Collect$$$$00002712)
    .text                                    0x08000104   Section       36  startup_stm32f103xb.o(.text)
    .text                                    0x08000128   Section        0  memcpya.o(.text)
    .text                                    0x0800014c   Section        0  memseta.o(.text)
    .text                                    0x08000170   Section        0  uidiv.o(.text)
    .text                                    0x0800019c   Section       36  init.o(.text)
    i.BusFault_Handler                       0x080001c0   Section        0  stm32f1xx_it.o(i.BusFault_Handler)
    i.DMA1_Channel4_IRQHandler               0x080001c4   Section        0  stm32f1xx_it.o(i.DMA1_Channel4_IRQHandler)
    i.DMA1_Channel5_IRQHandler               0x080001d0   Section        0  stm32f1xx_it.o(i.DMA1_Channel5_IRQHandler)
    i.DMA1_Channel6_IRQHandler               0x080001dc   Section        0  stm32f1xx_it.o(i.DMA1_Channel6_IRQHandler)
    i.DMA1_Channel7_IRQHandler               0x080001e8   Section        0  stm32f1xx_it.o(i.DMA1_Channel7_IRQHandler)
    i.DebugMon_Handler                       0x080001f4   Section        0  stm32f1xx_it.o(i.DebugMon_Handler)
    i.Error_Handler                          0x080001f6   Section        0  main.o(i.Error_Handler)
    i.HAL_DMA_Abort                          0x080001fa   Section        0  stm32f1xx_hal_dma.o(i.HAL_DMA_Abort)
    i.HAL_DMA_Abort_IT                       0x08000240   Section        0  stm32f1xx_hal_dma.o(i.HAL_DMA_Abort_IT)
    i.HAL_DMA_IRQHandler                     0x080002d8   Section        0  stm32f1xx_hal_dma.o(i.HAL_DMA_IRQHandler)
    i.HAL_DMA_Init                           0x0800042c   Section        0  stm32f1xx_hal_dma.o(i.HAL_DMA_Init)
    i.HAL_GPIO_Init                          0x08000488   Section        0  stm32f1xx_hal_gpio.o(i.HAL_GPIO_Init)
    i.HAL_GPIO_TogglePin                     0x08000668   Section        0  stm32f1xx_hal_gpio.o(i.HAL_GPIO_TogglePin)
    i.HAL_GPIO_WritePin                      0x08000678   Section        0  stm32f1xx_hal_gpio.o(i.HAL_GPIO_WritePin)
    i.HAL_GetTick                            0x08000684   Section        0  stm32f1xx_hal.o(i.HAL_GetTick)
    i.HAL_I2C_Init                           0x08000690   Section        0  stm32f1xx_hal_i2c.o(i.HAL_I2C_Init)
    i.HAL_I2C_MspInit                        0x08000818   Section        0  i2c.o(i.HAL_I2C_MspInit)
    i.HAL_IncTick                            0x08000888   Section        0  stm32f1xx_hal.o(i.HAL_IncTick)
    i.HAL_Init                               0x08000898   Section        0  stm32f1xx_hal.o(i.HAL_Init)
    i.HAL_InitTick                           0x080008bc   Section        0  stm32f1xx_hal.o(i.HAL_InitTick)
    i.HAL_MspInit                            0x080008fc   Section        0  stm32f1xx_hal_msp.o(i.HAL_MspInit)
    i.HAL_NVIC_EnableIRQ                     0x08000938   Section        0  stm32f1xx_hal_cortex.o(i.HAL_NVIC_EnableIRQ)
    i.HAL_NVIC_SetPriority                   0x08000954   Section        0  stm32f1xx_hal_cortex.o(i.HAL_NVIC_SetPriority)
    i.HAL_NVIC_SetPriorityGrouping           0x08000994   Section        0  stm32f1xx_hal_cortex.o(i.HAL_NVIC_SetPriorityGrouping)
    i.HAL_RCC_ClockConfig                    0x080009b8   Section        0  stm32f1xx_hal_rcc.o(i.HAL_RCC_ClockConfig)
    i.HAL_RCC_GetPCLK1Freq                   0x08000ae4   Section        0  stm32f1xx_hal_rcc.o(i.HAL_RCC_GetPCLK1Freq)
    i.HAL_RCC_GetPCLK2Freq                   0x08000b04   Section        0  stm32f1xx_hal_rcc.o(i.HAL_RCC_GetPCLK2Freq)
    i.HAL_RCC_GetSysClockFreq                0x08000b24   Section        0  stm32f1xx_hal_rcc.o(i.HAL_RCC_GetSysClockFreq)
    i.HAL_RCC_OscConfig                      0x08000b70   Section        0  stm32f1xx_hal_rcc.o(i.HAL_RCC_OscConfig)
    i.HAL_SYSTICK_Callback                   0x08000e90   Section        0  stm32f1xx_hal_cortex.o(i.HAL_SYSTICK_Callback)
    i.HAL_SYSTICK_Config                     0x08000e92   Section        0  stm32f1xx_hal_cortex.o(i.HAL_SYSTICK_Config)
    i.HAL_SYSTICK_IRQHandler                 0x08000eba   Section        0  stm32f1xx_hal_cortex.o(i.HAL_SYSTICK_IRQHandler)
    i.HAL_TIMEx_BreakCallback                0x08000ec2   Section        0  stm32f1xx_hal_tim_ex.o(i.HAL_TIMEx_BreakCallback)
    i.HAL_TIMEx_CommutCallback               0x08000ec4   Section        0  stm32f1xx_hal_tim_ex.o(i.HAL_TIMEx_CommutCallback)
    i.HAL_TIMEx_ConfigBreakDeadTime          0x08000ec6   Section        0  stm32f1xx_hal_tim_ex.o(i.HAL_TIMEx_ConfigBreakDeadTime)
    i.HAL_TIMEx_MasterConfigSynchronization  0x08000f1c   Section        0  stm32f1xx_hal_tim_ex.o(i.HAL_TIMEx_MasterConfigSynchronization)
    i.HAL_TIM_Base_Init                      0x08000f84   Section        0  stm32f1xx_hal_tim.o(i.HAL_TIM_Base_Init)
    i.HAL_TIM_Base_MspInit                   0x08000fe0   Section        0  tim.o(i.HAL_TIM_Base_MspInit)
    i.HAL_TIM_ConfigClockSource              0x08001064   Section        0  stm32f1xx_hal_tim.o(i.HAL_TIM_ConfigClockSource)
    i.HAL_TIM_IC_CaptureCallback             0x08001140   Section        0  stm32f1xx_hal_tim.o(i.HAL_TIM_IC_CaptureCallback)
    i.HAL_TIM_IRQHandler                     0x08001142   Section        0  stm32f1xx_hal_tim.o(i.HAL_TIM_IRQHandler)
    i.HAL_TIM_MspPostInit                    0x08001274   Section        0  tim.o(i.HAL_TIM_MspPostInit)
    i.HAL_TIM_OC_DelayElapsedCallback        0x08001350   Section        0  stm32f1xx_hal_tim.o(i.HAL_TIM_OC_DelayElapsedCallback)
    i.HAL_TIM_PWM_ConfigChannel              0x08001352   Section        0  stm32f1xx_hal_tim.o(i.HAL_TIM_PWM_ConfigChannel)
    i.HAL_TIM_PWM_Init                       0x0800141e   Section        0  stm32f1xx_hal_tim.o(i.HAL_TIM_PWM_Init)
    i.HAL_TIM_PWM_MspInit                    0x08001478   Section        0  stm32f1xx_hal_tim.o(i.HAL_TIM_PWM_MspInit)
    i.HAL_TIM_PWM_PulseFinishedCallback      0x0800147a   Section        0  stm32f1xx_hal_tim.o(i.HAL_TIM_PWM_PulseFinishedCallback)
    i.HAL_TIM_PeriodElapsedCallback          0x0800147c   Section        0  stm32f1xx_hal_tim.o(i.HAL_TIM_PeriodElapsedCallback)
    i.HAL_TIM_TriggerCallback                0x0800147e   Section        0  stm32f1xx_hal_tim.o(i.HAL_TIM_TriggerCallback)
    i.HAL_UARTEx_RxEventCallback             0x08001480   Section        0  stm32f1xx_hal_uart.o(i.HAL_UARTEx_RxEventCallback)
    i.HAL_UART_ErrorCallback                 0x08001482   Section        0  stm32f1xx_hal_uart.o(i.HAL_UART_ErrorCallback)
    i.HAL_UART_IRQHandler                    0x08001484   Section        0  stm32f1xx_hal_uart.o(i.HAL_UART_IRQHandler)
    i.HAL_UART_Init                          0x080016f0   Section        0  stm32f1xx_hal_uart.o(i.HAL_UART_Init)
    i.HAL_UART_MspInit                       0x08001754   Section        0  usart.o(i.HAL_UART_MspInit)
    i.HAL_UART_RxCpltCallback                0x08001900   Section        0  usart2.o(i.HAL_UART_RxCpltCallback)
    i.HAL_UART_Transmit                      0x08001902   Section        0  stm32f1xx_hal_uart.o(i.HAL_UART_Transmit)
    i.HAL_UART_TxCpltCallback                0x080019a2   Section        0  stm32f1xx_hal_uart.o(i.HAL_UART_TxCpltCallback)
    i.HardFault_Handler                      0x080019a4   Section        0  stm32f1xx_it.o(i.HardFault_Handler)
    i.MX_DMA_Init                            0x080019a8   Section        0  dma.o(i.MX_DMA_Init)
    i.MX_GPIO_Init                           0x08001a04   Section        0  gpio.o(i.MX_GPIO_Init)
    i.MX_I2C1_Init                           0x08001a84   Section        0  i2c.o(i.MX_I2C1_Init)
    i.MX_TIM1_Init                           0x08001ac4   Section        0  tim.o(i.MX_TIM1_Init)
    i.MX_TIM2_Init                           0x08001bc0   Section        0  tim.o(i.MX_TIM2_Init)
    i.MX_TIM3_Init                           0x08001c6c   Section        0  tim.o(i.MX_TIM3_Init)
    i.MX_TIM4_Init                           0x08001d28   Section        0  tim.o(i.MX_TIM4_Init)
    i.MX_USART1_UART_Init                    0x08001d90   Section        0  usart.o(i.MX_USART1_UART_Init)
    i.MX_USART2_UART_Init                    0x08001dc8   Section        0  usart.o(i.MX_USART2_UART_Init)
    i.MemManage_Handler                      0x08001e00   Section        0  stm32f1xx_it.o(i.MemManage_Handler)
    i.NMI_Handler                            0x08001e02   Section        0  stm32f1xx_it.o(i.NMI_Handler)
    i.PendSV_Handler                         0x08001e04   Section        0  stm32f1xx_it.o(i.PendSV_Handler)
    i.SVC_Handler                            0x08001e06   Section        0  stm32f1xx_it.o(i.SVC_Handler)
    i.SeqQueueInit                           0x08001e08   Section        0  queue.o(i.SeqQueueInit)
    i.SeqQueue_AppendMultiple                0x08001e34   Section        0  queue.o(i.SeqQueue_AppendMultiple)
    i.SeqQueue_Create                        0x08001e8c   Section        0  queue.o(i.SeqQueue_Create)
    i.SeqQueue_Length                        0x08001ea6   Section        0  queue.o(i.SeqQueue_Length)
    i.SeqQueue_RetrieveMultiple              0x08001ec2   Section        0  queue.o(i.SeqQueue_RetrieveMultiple)
    i.SysTick_Handler                        0x08001f24   Section        0  stm32f1xx_it.o(i.SysTick_Handler)
    i.SystemClock_Config                     0x08001f36   Section        0  main.o(i.SystemClock_Config)
    i.SystemInit                             0x08001f94   Section        0  system_stm32f1xx.o(i.SystemInit)
    i.System_TaskInit                        0x08001f98   Section        0  sys.o(i.System_TaskInit)
    i.System_TaskUpdate                      0x08001fd4   Section        0  sys.o(i.System_TaskUpdate)
    i.TIM4_IRQHandler                        0x0800204c   Section        0  stm32f1xx_it.o(i.TIM4_IRQHandler)
    i.TIM_Base_SetConfig                     0x08002058   Section        0  stm32f1xx_hal_tim.o(i.TIM_Base_SetConfig)
    i.TIM_ETR_SetConfig                      0x080020d0   Section        0  stm32f1xx_hal_tim.o(i.TIM_ETR_SetConfig)
    i.TIM_ITRx_SetConfig                     0x080020e4   Section        0  stm32f1xx_hal_tim.o(i.TIM_ITRx_SetConfig)
    TIM_ITRx_SetConfig                       0x080020e5   Thumb Code    16  stm32f1xx_hal_tim.o(i.TIM_ITRx_SetConfig)
    i.TIM_OC1_SetConfig                      0x080020f4   Section        0  stm32f1xx_hal_tim.o(i.TIM_OC1_SetConfig)
    TIM_OC1_SetConfig                        0x080020f5   Thumb Code    74  stm32f1xx_hal_tim.o(i.TIM_OC1_SetConfig)
    i.TIM_OC2_SetConfig                      0x08002144   Section        0  stm32f1xx_hal_tim.o(i.TIM_OC2_SetConfig)
    i.TIM_OC3_SetConfig                      0x0800219c   Section        0  stm32f1xx_hal_tim.o(i.TIM_OC3_SetConfig)
    TIM_OC3_SetConfig                        0x0800219d   Thumb Code    82  stm32f1xx_hal_tim.o(i.TIM_OC3_SetConfig)
    i.TIM_OC4_SetConfig                      0x080021f4   Section        0  stm32f1xx_hal_tim.o(i.TIM_OC4_SetConfig)
    TIM_OC4_SetConfig                        0x080021f5   Thumb Code    64  stm32f1xx_hal_tim.o(i.TIM_OC4_SetConfig)
    i.TIM_TI1_ConfigInputStage               0x08002238   Section        0  stm32f1xx_hal_tim.o(i.TIM_TI1_ConfigInputStage)
    TIM_TI1_ConfigInputStage                 0x08002239   Thumb Code    34  stm32f1xx_hal_tim.o(i.TIM_TI1_ConfigInputStage)
    i.TIM_TI2_ConfigInputStage               0x0800225a   Section        0  stm32f1xx_hal_tim.o(i.TIM_TI2_ConfigInputStage)
    TIM_TI2_ConfigInputStage                 0x0800225b   Thumb Code    36  stm32f1xx_hal_tim.o(i.TIM_TI2_ConfigInputStage)
    i.Task_scheduling_start                  0x08002280   Section        0  task_scheduling.o(i.Task_scheduling_start)
    i.UART_DMAAbortOnError                   0x080022fc   Section        0  stm32f1xx_hal_uart.o(i.UART_DMAAbortOnError)
    UART_DMAAbortOnError                     0x080022fd   Thumb Code    16  stm32f1xx_hal_uart.o(i.UART_DMAAbortOnError)
    i.UART_EndRxTransfer                     0x0800230c   Section        0  stm32f1xx_hal_uart.o(i.UART_EndRxTransfer)
    UART_EndRxTransfer                       0x0800230d   Thumb Code    78  stm32f1xx_hal_uart.o(i.UART_EndRxTransfer)
    i.UART_Receive_IT                        0x0800235a   Section        0  stm32f1xx_hal_uart.o(i.UART_Receive_IT)
    UART_Receive_IT                          0x0800235b   Thumb Code   194  stm32f1xx_hal_uart.o(i.UART_Receive_IT)
    i.UART_SetConfig                         0x0800241c   Section        0  stm32f1xx_hal_uart.o(i.UART_SetConfig)
    UART_SetConfig                           0x0800241d   Thumb Code   178  stm32f1xx_hal_uart.o(i.UART_SetConfig)
    i.UART_WaitOnFlagUntilTimeout            0x080024d4   Section        0  stm32f1xx_hal_uart.o(i.UART_WaitOnFlagUntilTimeout)
    UART_WaitOnFlagUntilTimeout              0x080024d5   Thumb Code   114  stm32f1xx_hal_uart.o(i.UART_WaitOnFlagUntilTimeout)
    i.USART1_IRQHandler                      0x08002548   Section        0  stm32f1xx_it.o(i.USART1_IRQHandler)
    i.USART2_IRQHandler                      0x08002554   Section        0  stm32f1xx_it.o(i.USART2_IRQHandler)
    i.UsageFault_Handler                     0x08002560   Section        0  stm32f1xx_it.o(i.UsageFault_Handler)
    i.__0printf$1                            0x08002564   Section        0  printf1.o(i.__0printf$1)
    i.__NVIC_SetPriority                     0x08002584   Section        0  stm32f1xx_hal_cortex.o(i.__NVIC_SetPriority)
    __NVIC_SetPriority                       0x08002585   Thumb Code    32  stm32f1xx_hal_cortex.o(i.__NVIC_SetPriority)
    i.__scatterload_copy                     0x080025a4   Section       14  handlers.o(i.__scatterload_copy)
    i.__scatterload_null                     0x080025b2   Section        2  handlers.o(i.__scatterload_null)
    i.__scatterload_zeroinit                 0x080025b4   Section       14  handlers.o(i.__scatterload_zeroinit)
    i._printf_core                           0x080025c4   Section        0  printf1.o(i._printf_core)
    _printf_core                             0x080025c5   Thumb Code   336  printf1.o(i._printf_core)
    i.fputc                                  0x08002718   Section        0  usart1.o(i.fputc)
    i.free                                   0x08002730   Section        0  malloc.o(i.free)
    i.get_mock_time_stamp_ms                 0x08002780   Section        0  task_scheduling.o(i.get_mock_time_stamp_ms)
    get_mock_time_stamp_ms                   0x08002781   Thumb Code    10  task_scheduling.o(i.get_mock_time_stamp_ms)
    i.interval_task_del                      0x08002790   Section        0  interval_task_scheduler.o(i.interval_task_del)
    interval_task_del                        0x08002791   Thumb Code    22  interval_task_scheduler.o(i.interval_task_del)
    i.interval_task_schedule_task            0x080027a6   Section        0  interval_task_scheduler.o(i.interval_task_schedule_task)
    interval_task_schedule_task              0x080027a7   Thumb Code    50  interval_task_scheduler.o(i.interval_task_schedule_task)
    i.interval_task_scheduler_new            0x080027d8   Section        0  interval_task_scheduler.o(i.interval_task_scheduler_new)
    i.list_append                            0x08002830   Section        0  singly_list.o(i.list_append)
    list_append                              0x08002831   Thumb Code    72  singly_list.o(i.list_append)
    i.list_append_i                          0x08002878   Section        0  list_interface.o(i.list_append_i)
    i.list_find                              0x0800287e   Section        0  singly_list.o(i.list_find)
    list_find                                0x0800287f   Thumb Code    32  singly_list.o(i.list_find)
    i.list_get_fir_data                      0x0800289e   Section        0  singly_list.o(i.list_get_fir_data)
    list_get_fir_data                        0x0800289f   Thumb Code    10  singly_list.o(i.list_get_fir_data)
    i.list_get_next_data                     0x080028a8   Section        0  singly_list.o(i.list_get_next_data)
    list_get_next_data                       0x080028a9   Thumb Code     4  singly_list.o(i.list_get_next_data)
    i.list_remove                            0x080028ac   Section        0  singly_list.o(i.list_remove)
    list_remove                              0x080028ad   Thumb Code   102  singly_list.o(i.list_remove)
    i.main                                   0x08002912   Section        0  main.o(i.main)
    i.malloc                                 0x0800294c   Section        0  malloc.o(i.malloc)
    i.singly_list_init                       0x080029b8   Section        0  singly_list.o(i.singly_list_init)
    i.task1                                  0x080029d0   Section        0  task_scheduling.o(i.task1)
    task1                                    0x080029d1   Thumb Code    22  task_scheduling.o(i.task1)
    i.task1                                  0x080029f4   Section        0  task.o(i.task1)
    i.task2                                  0x08002a04   Section        0  task_scheduling.o(i.task2)
    task2                                    0x08002a05   Thumb Code     2  task_scheduling.o(i.task2)
    i.task2                                  0x08002a08   Section        0  task.o(i.task2)
    i.task3                                  0x08002a40   Section        0  task.o(i.task3)
    .constdata                               0x08002a42   Section       18  stm32f1xx_hal_rcc.o(.constdata)
    aPredivFactorTable                       0x08002a42   Data           2  stm32f1xx_hal_rcc.o(.constdata)
    aPLLMULFactorTable                       0x08002a44   Data          16  stm32f1xx_hal_rcc.o(.constdata)
    .constdata                               0x08002a54   Section       32  task_scheduling.o(.constdata)
    .constdata                               0x08002a74   Section       16  system_stm32f1xx.o(.constdata)
    .constdata                               0x08002a84   Section        8  system_stm32f1xx.o(.constdata)
    .data                                    0x20000000   Section       12  stm32f1xx_hal.o(.data)
    .data                                    0x2000000c   Section       20  singly_list.o(.data)
    g_LIST_INTERFACE                         0x2000000c   Data          20  singly_list.o(.data)
    .data                                    0x20000020   Section        4  task_scheduling.o(.data)
    timestamp                                0x20000020   Data           4  task_scheduling.o(.data)
    .data                                    0x20000024   Section        4  system_stm32f1xx.o(.data)
    .data                                    0x20000028   Section       16  sys.o(.data)
    .data                                    0x20000038   Section       20  task.o(.data)
    .data                                    0x2000004c   Section        4  stdout.o(.data)
    .data                                    0x20000050   Section        4  mvars.o(.data)
    .data                                    0x20000054   Section        4  mvars.o(.data)
    .bss                                     0x20000058   Section       84  i2c.o(.bss)
    .bss                                     0x200000ac   Section      288  tim.o(.bss)
    .bss                                     0x200001cc   Section      416  usart.o(.bss)
    .bss                                     0x2000036c   Section     8504  queue.o(.bss)
    .bss                                     0x200024a4   Section       96  sys.o(.bss)
    .bss                                     0x20002504   Section       20  task.o(.bss)
    HEAP                                     0x20002518   Section      512  startup_stm32f103xb.o(HEAP)
    STACK                                    0x20002718   Section     1024  startup_stm32f103xb.o(STACK)

    Global Symbols

    Symbol Name                              Value     Ov Type        Size  Object(Section)

    BuildAttributes$$THM_ISAv4$P$D$K$B$S$PE$A:L22UL41UL21$X:L11$S22US41US21$IEEE1$IW$USESV6$~STKCKD$USESV7$~SHL$OTIME$ROPI$EBA8$MICROLIB$REQ8$PRES8$EABIv2 0x00000000   Number         0  anon$$obj.o ABSOLUTE
    __ARM_use_no_argv                        0x00000000   Number         0  main.o ABSOLUTE
    _printf_a                                0x00000000   Number         0  stubs.o ABSOLUTE
    _printf_c                                0x00000000   Number         0  stubs.o ABSOLUTE
    _printf_charcount                        0x00000000   Number         0  stubs.o ABSOLUTE
    _printf_d                                0x00000000   Number         0  stubs.o ABSOLUTE
    _printf_e                                0x00000000   Number         0  stubs.o ABSOLUTE
    _printf_f                                0x00000000   Number         0  stubs.o ABSOLUTE
    _printf_flags                            0x00000000   Number         0  stubs.o ABSOLUTE
    _printf_fp_dec                           0x00000000   Number         0  stubs.o ABSOLUTE
    _printf_fp_hex                           0x00000000   Number         0  stubs.o ABSOLUTE
    _printf_g                                0x00000000   Number         0  stubs.o ABSOLUTE
    _printf_i                                0x00000000   Number         0  stubs.o ABSOLUTE
    _printf_int_dec                          0x00000000   Number         0  stubs.o ABSOLUTE
    _printf_l                                0x00000000   Number         0  stubs.o ABSOLUTE
    _printf_lc                               0x00000000   Number         0  stubs.o ABSOLUTE
    _printf_ll                               0x00000000   Number         0  stubs.o ABSOLUTE
    _printf_lld                              0x00000000   Number         0  stubs.o ABSOLUTE
    _printf_lli                              0x00000000   Number         0  stubs.o ABSOLUTE
    _printf_llo                              0x00000000   Number         0  stubs.o ABSOLUTE
    _printf_llu                              0x00000000   Number         0  stubs.o ABSOLUTE
    _printf_llx                              0x00000000   Number         0  stubs.o ABSOLUTE
    _printf_longlong_dec                     0x00000000   Number         0  stubs.o ABSOLUTE
    _printf_longlong_hex                     0x00000000   Number         0  stubs.o ABSOLUTE
    _printf_longlong_oct                     0x00000000   Number         0  stubs.o ABSOLUTE
    _printf_ls                               0x00000000   Number         0  stubs.o ABSOLUTE
    _printf_mbtowc                           0x00000000   Number         0  stubs.o ABSOLUTE
    _printf_n                                0x00000000   Number         0  stubs.o ABSOLUTE
    _printf_o                                0x00000000   Number         0  stubs.o ABSOLUTE
    _printf_p                                0x00000000   Number         0  stubs.o ABSOLUTE
    _printf_percent                          0x00000000   Number         0  stubs.o ABSOLUTE
    _printf_pre_padding                      0x00000000   Number         0  stubs.o ABSOLUTE
    _printf_return_value                     0x00000000   Number         0  stubs.o ABSOLUTE
    _printf_s                                0x00000000   Number         0  stubs.o ABSOLUTE
    _printf_sizespec                         0x00000000   Number         0  stubs.o ABSOLUTE
    _printf_str                              0x00000000   Number         0  stubs.o ABSOLUTE
    _printf_truncate_signed                  0x00000000   Number         0  stubs.o ABSOLUTE
    _printf_truncate_unsigned                0x00000000   Number         0  stubs.o ABSOLUTE
    _printf_u                                0x00000000   Number         0  stubs.o ABSOLUTE
    _printf_wc                               0x00000000   Number         0  stubs.o ABSOLUTE
    _printf_wctomb                           0x00000000   Number         0  stubs.o ABSOLUTE
    _printf_widthprec                        0x00000000   Number         0  stubs.o ABSOLUTE
    _printf_x                                0x00000000   Number         0  stubs.o ABSOLUTE
    Task_DisableCallback                      - Undefined Weak Reference
    Task_EnableCallback                       - Undefined Weak Reference
    Task_InCallback                           - Undefined Weak Reference
    Task_OutCallback                          - Undefined Weak Reference
    __arm_fini_                               - Undefined Weak Reference
    __cpp_initialize__aeabi_                  - Undefined Weak Reference
    __cxa_finalize                            - Undefined Weak Reference
    __decompress                              - Undefined Weak Reference
    _clock_init                               - Undefined Weak Reference
    _microlib_exit                            - Undefined Weak Reference
    __Vectors_Size                           0x000000ec   Number         0  startup_stm32f103xb.o ABSOLUTE
    __Vectors                                0x08000000   Data           4  startup_stm32f103xb.o(RESET)
    __Vectors_End                            0x080000ec   Data           0  startup_stm32f103xb.o(RESET)
    __main                                   0x080000ed   Thumb Code     0  entry.o(.ARM.Collect$$$$00000000)
    _main_stk                                0x080000ed   Thumb Code     0  entry2.o(.ARM.Collect$$$$00000001)
    _main_scatterload                        0x080000f1   Thumb Code     0  entry5.o(.ARM.Collect$$$$00000004)
    __main_after_scatterload                 0x080000f5   Thumb Code     0  entry5.o(.ARM.Collect$$$$00000004)
    _main_clock                              0x080000f5   Thumb Code     0  entry7b.o(.ARM.Collect$$$$00000008)
    _main_cpp_init                           0x080000f5   Thumb Code     0  entry8b.o(.ARM.Collect$$$$0000000A)
    _main_init                               0x080000f5   Thumb Code     0  entry9a.o(.ARM.Collect$$$$0000000B)
    __rt_lib_shutdown_fini                   0x080000fd   Thumb Code     0  entry12b.o(.ARM.Collect$$$$0000000E)
    __rt_final_cpp                           0x08000101   Thumb Code     0  entry10a.o(.ARM.Collect$$$$0000000F)
    __rt_final_exit                          0x08000101   Thumb Code     0  entry11a.o(.ARM.Collect$$$$00000011)
    Reset_Handler                            0x08000105   Thumb Code     8  startup_stm32f103xb.o(.text)
    ADC1_2_IRQHandler                        0x0800011f   Thumb Code     0  startup_stm32f103xb.o(.text)
    CAN1_RX1_IRQHandler                      0x0800011f   Thumb Code     0  startup_stm32f103xb.o(.text)
    CAN1_SCE_IRQHandler                      0x0800011f   Thumb Code     0  startup_stm32f103xb.o(.text)
    DMA1_Channel1_IRQHandler                 0x0800011f   Thumb Code     0  startup_stm32f103xb.o(.text)
    DMA1_Channel2_IRQHandler                 0x0800011f   Thumb Code     0  startup_stm32f103xb.o(.text)
    DMA1_Channel3_IRQHandler                 0x0800011f   Thumb Code     0  startup_stm32f103xb.o(.text)
    EXTI0_IRQHandler                         0x0800011f   Thumb Code     0  startup_stm32f103xb.o(.text)
    EXTI15_10_IRQHandler                     0x0800011f   Thumb Code     0  startup_stm32f103xb.o(.text)
    EXTI1_IRQHandler                         0x0800011f   Thumb Code     0  startup_stm32f103xb.o(.text)
    EXTI2_IRQHandler                         0x0800011f   Thumb Code     0  startup_stm32f103xb.o(.text)
    EXTI3_IRQHandler                         0x0800011f   Thumb Code     0  startup_stm32f103xb.o(.text)
    EXTI4_IRQHandler                         0x0800011f   Thumb Code     0  startup_stm32f103xb.o(.text)
    EXTI9_5_IRQHandler                       0x0800011f   Thumb Code     0  startup_stm32f103xb.o(.text)
    FLASH_IRQHandler                         0x0800011f   Thumb Code     0  startup_stm32f103xb.o(.text)
    I2C1_ER_IRQHandler                       0x0800011f   Thumb Code     0  startup_stm32f103xb.o(.text)
    I2C1_EV_IRQHandler                       0x0800011f   Thumb Code     0  startup_stm32f103xb.o(.text)
    I2C2_ER_IRQHandler                       0x0800011f   Thumb Code     0  startup_stm32f103xb.o(.text)
    I2C2_EV_IRQHandler                       0x0800011f   Thumb Code     0  startup_stm32f103xb.o(.text)
    PVD_IRQHandler                           0x0800011f   Thumb Code     0  startup_stm32f103xb.o(.text)
    RCC_IRQHandler                           0x0800011f   Thumb Code     0  startup_stm32f103xb.o(.text)
    RTC_Alarm_IRQHandler                     0x0800011f   Thumb Code     0  startup_stm32f103xb.o(.text)
    RTC_IRQHandler                           0x0800011f   Thumb Code     0  startup_stm32f103xb.o(.text)
    SPI1_IRQHandler                          0x0800011f   Thumb Code     0  startup_stm32f103xb.o(.text)
    SPI2_IRQHandler                          0x0800011f   Thumb Code     0  startup_stm32f103xb.o(.text)
    TAMPER_IRQHandler                        0x0800011f   Thumb Code     0  startup_stm32f103xb.o(.text)
    TIM1_BRK_IRQHandler                      0x0800011f   Thumb Code     0  startup_stm32f103xb.o(.text)
    TIM1_CC_IRQHandler                       0x0800011f   Thumb Code     0  startup_stm32f103xb.o(.text)
    TIM1_TRG_COM_IRQHandler                  0x0800011f   Thumb Code     0  startup_stm32f103xb.o(.text)
    TIM1_UP_IRQHandler                       0x0800011f   Thumb Code     0  startup_stm32f103xb.o(.text)
    TIM2_IRQHandler                          0x0800011f   Thumb Code     0  startup_stm32f103xb.o(.text)
    TIM3_IRQHandler                          0x0800011f   Thumb Code     0  startup_stm32f103xb.o(.text)
    USART3_IRQHandler                        0x0800011f   Thumb Code     0  startup_stm32f103xb.o(.text)
    USBWakeUp_IRQHandler                     0x0800011f   Thumb Code     0  startup_stm32f103xb.o(.text)
    USB_HP_CAN1_TX_IRQHandler                0x0800011f   Thumb Code     0  startup_stm32f103xb.o(.text)
    USB_LP_CAN1_RX0_IRQHandler               0x0800011f   Thumb Code     0  startup_stm32f103xb.o(.text)
    WWDG_IRQHandler                          0x0800011f   Thumb Code     0  startup_stm32f103xb.o(.text)
    __aeabi_memcpy                           0x08000129   Thumb Code    36  memcpya.o(.text)
    __aeabi_memcpy4                          0x08000129   Thumb Code     0  memcpya.o(.text)
    __aeabi_memcpy8                          0x08000129   Thumb Code     0  memcpya.o(.text)
    __aeabi_memset                           0x0800014d   Thumb Code    14  memseta.o(.text)
    __aeabi_memset4                          0x0800014d   Thumb Code     0  memseta.o(.text)
    __aeabi_memset8                          0x0800014d   Thumb Code     0  memseta.o(.text)
    __aeabi_memclr                           0x0800015b   Thumb Code     4  memseta.o(.text)
    __aeabi_memclr4                          0x0800015b   Thumb Code     0  memseta.o(.text)
    __aeabi_memclr8                          0x0800015b   Thumb Code     0  memseta.o(.text)
    _memset$wrapper                          0x0800015f   Thumb Code    18  memseta.o(.text)
    __aeabi_uidiv                            0x08000171   Thumb Code     0  uidiv.o(.text)
    __aeabi_uidivmod                         0x08000171   Thumb Code    44  uidiv.o(.text)
    __scatterload                            0x0800019d   Thumb Code    28  init.o(.text)
    __scatterload_rt2                        0x0800019d   Thumb Code     0  init.o(.text)
    BusFault_Handler                         0x080001c1   Thumb Code     2  stm32f1xx_it.o(i.BusFault_Handler)
    DMA1_Channel4_IRQHandler                 0x080001c5   Thumb Code     6  stm32f1xx_it.o(i.DMA1_Channel4_IRQHandler)
    DMA1_Channel5_IRQHandler                 0x080001d1   Thumb Code     6  stm32f1xx_it.o(i.DMA1_Channel5_IRQHandler)
    DMA1_Channel6_IRQHandler                 0x080001dd   Thumb Code     6  stm32f1xx_it.o(i.DMA1_Channel6_IRQHandler)
    DMA1_Channel7_IRQHandler                 0x080001e9   Thumb Code     6  stm32f1xx_it.o(i.DMA1_Channel7_IRQHandler)
    DebugMon_Handler                         0x080001f5   Thumb Code     2  stm32f1xx_it.o(i.DebugMon_Handler)
    Error_Handler                            0x080001f7   Thumb Code     4  main.o(i.Error_Handler)
    HAL_DMA_Abort                            0x080001fb   Thumb Code    70  stm32f1xx_hal_dma.o(i.HAL_DMA_Abort)
    HAL_DMA_Abort_IT                         0x08000241   Thumb Code   148  stm32f1xx_hal_dma.o(i.HAL_DMA_Abort_IT)
    HAL_DMA_IRQHandler                       0x080002d9   Thumb Code   316  stm32f1xx_hal_dma.o(i.HAL_DMA_IRQHandler)
    HAL_DMA_Init                             0x0800042d   Thumb Code    84  stm32f1xx_hal_dma.o(i.HAL_DMA_Init)
    HAL_GPIO_Init                            0x08000489   Thumb Code   446  stm32f1xx_hal_gpio.o(i.HAL_GPIO_Init)
    HAL_GPIO_TogglePin                       0x08000669   Thumb Code    16  stm32f1xx_hal_gpio.o(i.HAL_GPIO_TogglePin)
    HAL_GPIO_WritePin                        0x08000679   Thumb Code    10  stm32f1xx_hal_gpio.o(i.HAL_GPIO_WritePin)
    HAL_GetTick                              0x08000685   Thumb Code     6  stm32f1xx_hal.o(i.HAL_GetTick)
    HAL_I2C_Init                             0x08000691   Thumb Code   376  stm32f1xx_hal_i2c.o(i.HAL_I2C_Init)
    HAL_I2C_MspInit                          0x08000819   Thumb Code    96  i2c.o(i.HAL_I2C_MspInit)
    HAL_IncTick                              0x08000889   Thumb Code    12  stm32f1xx_hal.o(i.HAL_IncTick)
    HAL_Init                                 0x08000899   Thumb Code    32  stm32f1xx_hal.o(i.HAL_Init)
    HAL_InitTick                             0x080008bd   Thumb Code    54  stm32f1xx_hal.o(i.HAL_InitTick)
    HAL_MspInit                              0x080008fd   Thumb Code    52  stm32f1xx_hal_msp.o(i.HAL_MspInit)
    HAL_NVIC_EnableIRQ                       0x08000939   Thumb Code    26  stm32f1xx_hal_cortex.o(i.HAL_NVIC_EnableIRQ)
    HAL_NVIC_SetPriority                     0x08000955   Thumb Code    60  stm32f1xx_hal_cortex.o(i.HAL_NVIC_SetPriority)
    HAL_NVIC_SetPriorityGrouping             0x08000995   Thumb Code    26  stm32f1xx_hal_cortex.o(i.HAL_NVIC_SetPriorityGrouping)
    HAL_RCC_ClockConfig                      0x080009b9   Thumb Code   280  stm32f1xx_hal_rcc.o(i.HAL_RCC_ClockConfig)
    HAL_RCC_GetPCLK1Freq                     0x08000ae5   Thumb Code    20  stm32f1xx_hal_rcc.o(i.HAL_RCC_GetPCLK1Freq)
    HAL_RCC_GetPCLK2Freq                     0x08000b05   Thumb Code    20  stm32f1xx_hal_rcc.o(i.HAL_RCC_GetPCLK2Freq)
    HAL_RCC_GetSysClockFreq                  0x08000b25   Thumb Code    58  stm32f1xx_hal_rcc.o(i.HAL_RCC_GetSysClockFreq)
    HAL_RCC_OscConfig                        0x08000b71   Thumb Code   778  stm32f1xx_hal_rcc.o(i.HAL_RCC_OscConfig)
    HAL_SYSTICK_Callback                     0x08000e91   Thumb Code     2  stm32f1xx_hal_cortex.o(i.HAL_SYSTICK_Callback)
    HAL_SYSTICK_Config                       0x08000e93   Thumb Code    40  stm32f1xx_hal_cortex.o(i.HAL_SYSTICK_Config)
    HAL_SYSTICK_IRQHandler                   0x08000ebb   Thumb Code     8  stm32f1xx_hal_cortex.o(i.HAL_SYSTICK_IRQHandler)
    HAL_TIMEx_BreakCallback                  0x08000ec3   Thumb Code     2  stm32f1xx_hal_tim_ex.o(i.HAL_TIMEx_BreakCallback)
    HAL_TIMEx_CommutCallback                 0x08000ec5   Thumb Code     2  stm32f1xx_hal_tim_ex.o(i.HAL_TIMEx_CommutCallback)
    HAL_TIMEx_ConfigBreakDeadTime            0x08000ec7   Thumb Code    84  stm32f1xx_hal_tim_ex.o(i.HAL_TIMEx_ConfigBreakDeadTime)
    HAL_TIMEx_MasterConfigSynchronization    0x08000f1d   Thumb Code    92  stm32f1xx_hal_tim_ex.o(i.HAL_TIMEx_MasterConfigSynchronization)
    HAL_TIM_Base_Init                        0x08000f85   Thumb Code    90  stm32f1xx_hal_tim.o(i.HAL_TIM_Base_Init)
    HAL_TIM_Base_MspInit                     0x08000fe1   Thumb Code   116  tim.o(i.HAL_TIM_Base_MspInit)
    HAL_TIM_ConfigClockSource                0x08001065   Thumb Code   220  stm32f1xx_hal_tim.o(i.HAL_TIM_ConfigClockSource)
    HAL_TIM_IC_CaptureCallback               0x08001141   Thumb Code     2  stm32f1xx_hal_tim.o(i.HAL_TIM_IC_CaptureCallback)
    HAL_TIM_IRQHandler                       0x08001143   Thumb Code   304  stm32f1xx_hal_tim.o(i.HAL_TIM_IRQHandler)
    HAL_TIM_MspPostInit                      0x08001275   Thumb Code   196  tim.o(i.HAL_TIM_MspPostInit)
    HAL_TIM_OC_DelayElapsedCallback          0x08001351   Thumb Code     2  stm32f1xx_hal_tim.o(i.HAL_TIM_OC_DelayElapsedCallback)
    HAL_TIM_PWM_ConfigChannel                0x08001353   Thumb Code   204  stm32f1xx_hal_tim.o(i.HAL_TIM_PWM_ConfigChannel)
    HAL_TIM_PWM_Init                         0x0800141f   Thumb Code    90  stm32f1xx_hal_tim.o(i.HAL_TIM_PWM_Init)
    HAL_TIM_PWM_MspInit                      0x08001479   Thumb Code     2  stm32f1xx_hal_tim.o(i.HAL_TIM_PWM_MspInit)
    HAL_TIM_PWM_PulseFinishedCallback        0x0800147b   Thumb Code     2  stm32f1xx_hal_tim.o(i.HAL_TIM_PWM_PulseFinishedCallback)
    HAL_TIM_PeriodElapsedCallback            0x0800147d   Thumb Code     2  stm32f1xx_hal_tim.o(i.HAL_TIM_PeriodElapsedCallback)
    HAL_TIM_TriggerCallback                  0x0800147f   Thumb Code     2  stm32f1xx_hal_tim.o(i.HAL_TIM_TriggerCallback)
    HAL_UARTEx_RxEventCallback               0x08001481   Thumb Code     2  stm32f1xx_hal_uart.o(i.HAL_UARTEx_RxEventCallback)
    HAL_UART_ErrorCallback                   0x08001483   Thumb Code     2  stm32f1xx_hal_uart.o(i.HAL_UART_ErrorCallback)
    HAL_UART_IRQHandler                      0x08001485   Thumb Code   616  stm32f1xx_hal_uart.o(i.HAL_UART_IRQHandler)
    HAL_UART_Init                            0x080016f1   Thumb Code   100  stm32f1xx_hal_uart.o(i.HAL_UART_Init)
    HAL_UART_MspInit                         0x08001755   Thumb Code   394  usart.o(i.HAL_UART_MspInit)
    HAL_UART_RxCpltCallback                  0x08001901   Thumb Code     2  usart2.o(i.HAL_UART_RxCpltCallback)
    HAL_UART_Transmit                        0x08001903   Thumb Code   160  stm32f1xx_hal_uart.o(i.HAL_UART_Transmit)
    HAL_UART_TxCpltCallback                  0x080019a3   Thumb Code     2  stm32f1xx_hal_uart.o(i.HAL_UART_TxCpltCallback)
    HardFault_Handler                        0x080019a5   Thumb Code     2  stm32f1xx_it.o(i.HardFault_Handler)
    MX_DMA_Init                              0x080019a9   Thumb Code    88  dma.o(i.MX_DMA_Init)
    MX_GPIO_Init                             0x08001a05   Thumb Code   120  gpio.o(i.MX_GPIO_Init)
    MX_I2C1_Init                             0x08001a85   Thumb Code    50  i2c.o(i.MX_I2C1_Init)
    MX_TIM1_Init                             0x08001ac5   Thumb Code   244  tim.o(i.MX_TIM1_Init)
    MX_TIM2_Init                             0x08001bc1   Thumb Code   166  tim.o(i.MX_TIM2_Init)
    MX_TIM3_Init                             0x08001c6d   Thumb Code   178  tim.o(i.MX_TIM3_Init)
    MX_TIM4_Init                             0x08001d29   Thumb Code    94  tim.o(i.MX_TIM4_Init)
    MX_USART1_UART_Init                      0x08001d91   Thumb Code    48  usart.o(i.MX_USART1_UART_Init)
    MX_USART2_UART_Init                      0x08001dc9   Thumb Code    48  usart.o(i.MX_USART2_UART_Init)
    MemManage_Handler                        0x08001e01   Thumb Code     2  stm32f1xx_it.o(i.MemManage_Handler)
    NMI_Handler                              0x08001e03   Thumb Code     2  stm32f1xx_it.o(i.NMI_Handler)
    PendSV_Handler                           0x08001e05   Thumb Code     2  stm32f1xx_it.o(i.PendSV_Handler)
    SVC_Handler                              0x08001e07   Thumb Code     2  stm32f1xx_it.o(i.SVC_Handler)
    SeqQueueInit                             0x08001e09   Thumb Code    32  queue.o(i.SeqQueueInit)
    SeqQueue_AppendMultiple                  0x08001e35   Thumb Code    88  queue.o(i.SeqQueue_AppendMultiple)
    SeqQueue_Create                          0x08001e8d   Thumb Code    26  queue.o(i.SeqQueue_Create)
    SeqQueue_Length                          0x08001ea7   Thumb Code    28  queue.o(i.SeqQueue_Length)
    SeqQueue_RetrieveMultiple                0x08001ec3   Thumb Code    98  queue.o(i.SeqQueue_RetrieveMultiple)
    SysTick_Handler                          0x08001f25   Thumb Code    18  stm32f1xx_it.o(i.SysTick_Handler)
    SystemClock_Config                       0x08001f37   Thumb Code    94  main.o(i.SystemClock_Config)
    SystemInit                               0x08001f95   Thumb Code     2  system_stm32f1xx.o(i.SystemInit)
    System_TaskInit                          0x08001f99   Thumb Code    42  sys.o(i.System_TaskInit)
    System_TaskUpdate                        0x08001fd5   Thumb Code   106  sys.o(i.System_TaskUpdate)
    TIM4_IRQHandler                          0x0800204d   Thumb Code     6  stm32f1xx_it.o(i.TIM4_IRQHandler)
    TIM_Base_SetConfig                       0x08002059   Thumb Code   108  stm32f1xx_hal_tim.o(i.TIM_Base_SetConfig)
    TIM_ETR_SetConfig                        0x080020d1   Thumb Code    20  stm32f1xx_hal_tim.o(i.TIM_ETR_SetConfig)
    TIM_OC2_SetConfig                        0x08002145   Thumb Code    84  stm32f1xx_hal_tim.o(i.TIM_OC2_SetConfig)
    Task_scheduling_start                    0x08002281   Thumb Code    76  task_scheduling.o(i.Task_scheduling_start)
    USART1_IRQHandler                        0x08002549   Thumb Code     6  stm32f1xx_it.o(i.USART1_IRQHandler)
    USART2_IRQHandler                        0x08002555   Thumb Code     6  stm32f1xx_it.o(i.USART2_IRQHandler)
    UsageFault_Handler                       0x08002561   Thumb Code     2  stm32f1xx_it.o(i.UsageFault_Handler)
    __0printf$1                              0x08002565   Thumb Code    22  printf1.o(i.__0printf$1)
    __1printf$1                              0x08002565   Thumb Code     0  printf1.o(i.__0printf$1)
    __2printf                                0x08002565   Thumb Code     0  printf1.o(i.__0printf$1)
    __scatterload_copy                       0x080025a5   Thumb Code    14  handlers.o(i.__scatterload_copy)
    __scatterload_null                       0x080025b3   Thumb Code     2  handlers.o(i.__scatterload_null)
    __scatterload_zeroinit                   0x080025b5   Thumb Code    14  handlers.o(i.__scatterload_zeroinit)
    fputc                                    0x08002719   Thumb Code    20  usart1.o(i.fputc)
    free                                     0x08002731   Thumb Code    76  malloc.o(i.free)
    interval_task_scheduler_new              0x080027d9   Thumb Code    78  interval_task_scheduler.o(i.interval_task_scheduler_new)
    list_append_i                            0x08002879   Thumb Code     6  list_interface.o(i.list_append_i)
    main                                     0x08002913   Thumb Code    58  main.o(i.main)
    malloc                                   0x0800294d   Thumb Code    92  malloc.o(i.malloc)
    singly_list_init                         0x080029b9   Thumb Code    20  singly_list.o(i.singly_list_init)
    task1                                    0x080029f5   Thumb Code    10  task.o(i.task1)
    task2                                    0x08002a09   Thumb Code    38  task.o(i.task2)
    task3                                    0x08002a41   Thumb Code     2  task.o(i.task3)
    AHBPrescTable                            0x08002a74   Data          16  system_stm32f1xx.o(.constdata)
    APBPrescTable                            0x08002a84   Data           8  system_stm32f1xx.o(.constdata)
    Region$$Table$$Base                      0x08002a8c   Number         0  anon$$obj.o(Region$$Table)
    Region$$Table$$Limit                     0x08002aac   Number         0  anon$$obj.o(Region$$Table)
    uwTickFreq                               0x20000000   Data           1  stm32f1xx_hal.o(.data)
    uwTickPrio                               0x20000004   Data           4  stm32f1xx_hal.o(.data)
    uwTick                                   0x20000008   Data           4  stm32f1xx_hal.o(.data)
    SystemCoreClock                          0x20000024   Data           4  system_stm32f1xx.o(.data)
    total_usage_tick                         0x20000028   Data           4  sys.o(.data)
    total_usage_time                         0x2000002c   Data           4  sys.o(.data)
    total_usage_tick_max_in1s                0x20000030   Data           4  sys.o(.data)
    total_usage_time_max_in1s                0x20000034   Data           4  sys.o(.data)
    txdata                                   0x20000038   Data          20  task.o(.data)
    __stdout                                 0x2000004c   Data           4  stdout.o(.data)
    __microlib_freelist                      0x20000050   Data           4  mvars.o(.data)
    __microlib_freelist_initialised          0x20000054   Data           4  mvars.o(.data)
    hi2c1                                    0x20000058   Data          84  i2c.o(.bss)
    htim1                                    0x200000ac   Data          72  tim.o(.bss)
    htim2                                    0x200000f4   Data          72  tim.o(.bss)
    htim3                                    0x2000013c   Data          72  tim.o(.bss)
    htim4                                    0x20000184   Data          72  tim.o(.bss)
    huart1                                   0x200001cc   Data          72  usart.o(.bss)
    huart2                                   0x20000214   Data          72  usart.o(.bss)
    hdma_usart1_rx                           0x2000025c   Data          68  usart.o(.bss)
    hdma_usart1_tx                           0x200002a0   Data          68  usart.o(.bss)
    hdma_usart2_rx                           0x200002e4   Data          68  usart.o(.bss)
    hdma_usart2_tx                           0x20000328   Data          68  usart.o(.bss)
    DataUsart1In                             0x2000036c   Data        4352  queue.o(.bss)
    DataUsart1Out                            0x2000146c   Data        4096  queue.o(.bss)
    Usart1QueueIn                            0x2000246c   Data          28  queue.o(.bss)
    Usart1QueueOut                           0x20002488   Data          28  queue.o(.bss)
    task_structs                             0x200024a4   Data          96  sys.o(.bss)
    rxdata                                   0x20002504   Data          20  task.o(.bss)
    __heap_base                              0x20002518   Data           0  startup_stm32f103xb.o(HEAP)
    __heap_limit                             0x20002718   Data           0  startup_stm32f103xb.o(HEAP)
    __initial_sp                             0x20002b18   Data           0  startup_stm32f103xb.o(STACK)



==============================================================================

Memory Map of the image

  Image Entry point : 0x080000ed

  Load Region LR_IROM1 (Base: 0x08000000, Size: 0x00002b04, Max: 0x00010000, ABSOLUTE)

    Execution Region ER_IROM1 (Exec base: 0x08000000, Load base: 0x08000000, Size: 0x00002aac, Max: 0x00010000, ABSOLUTE)

    Exec Addr    Load Addr    Size         Type   Attr      Idx    E Section Name        Object

    0x08000000   0x08000000   0x000000ec   Data   RO            3    RESET               startup_stm32f103xb.o
    0x080000ec   0x080000ec   0x00000000   Code   RO         4567  * .ARM.Collect$$$$00000000  mc_w.l(entry.o)
    0x080000ec   0x080000ec   0x00000004   Code   RO         4907    .ARM.Collect$$$$00000001  mc_w.l(entry2.o)
    0x080000f0   0x080000f0   0x00000004   Code   RO         4910    .ARM.Collect$$$$00000004  mc_w.l(entry5.o)
    0x080000f4   0x080000f4   0x00000000   Code   RO         4912    .ARM.Collect$$$$00000008  mc_w.l(entry7b.o)
    0x080000f4   0x080000f4   0x00000000   Code   RO         4914    .ARM.Collect$$$$0000000A  mc_w.l(entry8b.o)
    0x080000f4   0x080000f4   0x00000008   Code   RO         4915    .ARM.Collect$$$$0000000B  mc_w.l(entry9a.o)
    0x080000fc   0x080000fc   0x00000004   Code   RO         4922    .ARM.Collect$$$$0000000E  mc_w.l(entry12b.o)
    0x08000100   0x08000100   0x00000000   Code   RO         4917    .ARM.Collect$$$$0000000F  mc_w.l(entry10a.o)
    0x08000100   0x08000100   0x00000000   Code   RO         4919    .ARM.Collect$$$$00000011  mc_w.l(entry11a.o)
    0x08000100   0x08000100   0x00000004   Code   RO         4908    .ARM.Collect$$$$00002712  mc_w.l(entry2.o)
    0x08000104   0x08000104   0x00000024   Code   RO            4    .text               startup_stm32f103xb.o
    0x08000128   0x08000128   0x00000024   Code   RO         4574    .text               mc_w.l(memcpya.o)
    0x0800014c   0x0800014c   0x00000024   Code   RO         4576    .text               mc_w.l(memseta.o)
    0x08000170   0x08000170   0x0000002c   Code   RO         4924    .text               mc_w.l(uidiv.o)
    0x0800019c   0x0800019c   0x00000024   Code   RO         4941    .text               mc_w.l(init.o)
    0x080001c0   0x080001c0   0x00000002   Code   RO          440    i.BusFault_Handler  stm32f1xx_it.o
    0x080001c2   0x080001c2   0x00000002   PAD
    0x080001c4   0x080001c4   0x0000000c   Code   RO          441    i.DMA1_Channel4_IRQHandler  stm32f1xx_it.o
    0x080001d0   0x080001d0   0x0000000c   Code   RO          442    i.DMA1_Channel5_IRQHandler  stm32f1xx_it.o
    0x080001dc   0x080001dc   0x0000000c   Code   RO          443    i.DMA1_Channel6_IRQHandler  stm32f1xx_it.o
    0x080001e8   0x080001e8   0x0000000c   Code   RO          444    i.DMA1_Channel7_IRQHandler  stm32f1xx_it.o
    0x080001f4   0x080001f4   0x00000002   Code   RO          445    i.DebugMon_Handler  stm32f1xx_it.o
    0x080001f6   0x080001f6   0x00000004   Code   RO           13    i.Error_Handler     main.o
    0x080001fa   0x080001fa   0x00000046   Code   RO         1436    i.HAL_DMA_Abort     stm32f1xx_hal_dma.o
    0x08000240   0x08000240   0x00000098   Code   RO         1437    i.HAL_DMA_Abort_IT  stm32f1xx_hal_dma.o
    0x080002d8   0x080002d8   0x00000154   Code   RO         1441    i.HAL_DMA_IRQHandler  stm32f1xx_hal_dma.o
    0x0800042c   0x0800042c   0x0000005c   Code   RO         1442    i.HAL_DMA_Init      stm32f1xx_hal_dma.o
    0x08000488   0x08000488   0x000001e0   Code   RO         1372    i.HAL_GPIO_Init     stm32f1xx_hal_gpio.o
    0x08000668   0x08000668   0x00000010   Code   RO         1375    i.HAL_GPIO_TogglePin  stm32f1xx_hal_gpio.o
    0x08000678   0x08000678   0x0000000a   Code   RO         1376    i.HAL_GPIO_WritePin  stm32f1xx_hal_gpio.o
    0x08000682   0x08000682   0x00000002   PAD
    0x08000684   0x08000684   0x0000000c   Code   RO         1066    i.HAL_GetTick       stm32f1xx_hal.o
    0x08000690   0x08000690   0x00000188   Code   RO          629    i.HAL_I2C_Init      stm32f1xx_hal_i2c.o
    0x08000818   0x08000818   0x00000070   Code   RO          285    i.HAL_I2C_MspInit   i2c.o
    0x08000888   0x08000888   0x00000010   Code   RO         1072    i.HAL_IncTick       stm32f1xx_hal.o
    0x08000898   0x08000898   0x00000024   Code   RO         1073    i.HAL_Init          stm32f1xx_hal.o
    0x080008bc   0x080008bc   0x00000040   Code   RO         1074    i.HAL_InitTick      stm32f1xx_hal.o
    0x080008fc   0x080008fc   0x0000003c   Code   RO          558    i.HAL_MspInit       stm32f1xx_hal_msp.o
    0x08000938   0x08000938   0x0000001a   Code   RO         1532    i.HAL_NVIC_EnableIRQ  stm32f1xx_hal_cortex.o
    0x08000952   0x08000952   0x00000002   PAD
    0x08000954   0x08000954   0x00000040   Code   RO         1538    i.HAL_NVIC_SetPriority  stm32f1xx_hal_cortex.o
    0x08000994   0x08000994   0x00000024   Code   RO         1539    i.HAL_NVIC_SetPriorityGrouping  stm32f1xx_hal_cortex.o
    0x080009b8   0x080009b8   0x0000012c   Code   RO         1230    i.HAL_RCC_ClockConfig  stm32f1xx_hal_rcc.o
    0x08000ae4   0x08000ae4   0x00000020   Code   RO         1237    i.HAL_RCC_GetPCLK1Freq  stm32f1xx_hal_rcc.o
    0x08000b04   0x08000b04   0x00000020   Code   RO         1238    i.HAL_RCC_GetPCLK2Freq  stm32f1xx_hal_rcc.o
    0x08000b24   0x08000b24   0x0000004c   Code   RO         1239    i.HAL_RCC_GetSysClockFreq  stm32f1xx_hal_rcc.o
    0x08000b70   0x08000b70   0x00000320   Code   RO         1242    i.HAL_RCC_OscConfig  stm32f1xx_hal_rcc.o
    0x08000e90   0x08000e90   0x00000002   Code   RO         1542    i.HAL_SYSTICK_Callback  stm32f1xx_hal_cortex.o
    0x08000e92   0x08000e92   0x00000028   Code   RO         1543    i.HAL_SYSTICK_Config  stm32f1xx_hal_cortex.o
    0x08000eba   0x08000eba   0x00000008   Code   RO         1544    i.HAL_SYSTICK_IRQHandler  stm32f1xx_hal_cortex.o
    0x08000ec2   0x08000ec2   0x00000002   Code   RO         2738    i.HAL_TIMEx_BreakCallback  stm32f1xx_hal_tim_ex.o
    0x08000ec4   0x08000ec4   0x00000002   Code   RO         2739    i.HAL_TIMEx_CommutCallback  stm32f1xx_hal_tim_ex.o
    0x08000ec6   0x08000ec6   0x00000054   Code   RO         2741    i.HAL_TIMEx_ConfigBreakDeadTime  stm32f1xx_hal_tim_ex.o
    0x08000f1a   0x08000f1a   0x00000002   PAD
    0x08000f1c   0x08000f1c   0x00000068   Code   RO         2757    i.HAL_TIMEx_MasterConfigSynchronization  stm32f1xx_hal_tim_ex.o
    0x08000f84   0x08000f84   0x0000005a   Code   RO         2034    i.HAL_TIM_Base_Init  stm32f1xx_hal_tim.o
    0x08000fde   0x08000fde   0x00000002   PAD
    0x08000fe0   0x08000fe0   0x00000084   Code   RO          327    i.HAL_TIM_Base_MspInit  tim.o
    0x08001064   0x08001064   0x000000dc   Code   RO         2043    i.HAL_TIM_ConfigClockSource  stm32f1xx_hal_tim.o
    0x08001140   0x08001140   0x00000002   Code   RO         2068    i.HAL_TIM_IC_CaptureCallback  stm32f1xx_hal_tim.o
    0x08001142   0x08001142   0x00000130   Code   RO         2082    i.HAL_TIM_IRQHandler  stm32f1xx_hal_tim.o
    0x08001272   0x08001272   0x00000002   PAD
    0x08001274   0x08001274   0x000000dc   Code   RO          328    i.HAL_TIM_MspPostInit  tim.o
    0x08001350   0x08001350   0x00000002   Code   RO         2085    i.HAL_TIM_OC_DelayElapsedCallback  stm32f1xx_hal_tim.o
    0x08001352   0x08001352   0x000000cc   Code   RO         2106    i.HAL_TIM_PWM_ConfigChannel  stm32f1xx_hal_tim.o
    0x0800141e   0x0800141e   0x0000005a   Code   RO         2109    i.HAL_TIM_PWM_Init  stm32f1xx_hal_tim.o
    0x08001478   0x08001478   0x00000002   Code   RO         2111    i.HAL_TIM_PWM_MspInit  stm32f1xx_hal_tim.o
    0x0800147a   0x0800147a   0x00000002   Code   RO         2112    i.HAL_TIM_PWM_PulseFinishedCallback  stm32f1xx_hal_tim.o
    0x0800147c   0x0800147c   0x00000002   Code   RO         2120    i.HAL_TIM_PeriodElapsedCallback  stm32f1xx_hal_tim.o
    0x0800147e   0x0800147e   0x00000002   Code   RO         2125    i.HAL_TIM_TriggerCallback  stm32f1xx_hal_tim.o
    0x08001480   0x08001480   0x00000002   Code   RO         3017    i.HAL_UARTEx_RxEventCallback  stm32f1xx_hal_uart.o
    0x08001482   0x08001482   0x00000002   Code   RO         3031    i.HAL_UART_ErrorCallback  stm32f1xx_hal_uart.o
    0x08001484   0x08001484   0x0000026c   Code   RO         3034    i.HAL_UART_IRQHandler  stm32f1xx_hal_uart.o
    0x080016f0   0x080016f0   0x00000064   Code   RO         3035    i.HAL_UART_Init     stm32f1xx_hal_uart.o
    0x08001754   0x08001754   0x000001ac   Code   RO          393    i.HAL_UART_MspInit  usart.o
    0x08001900   0x08001900   0x00000002   Code   RO         3438    i.HAL_UART_RxCpltCallback  usart2.o
    0x08001902   0x08001902   0x000000a0   Code   RO         3043    i.HAL_UART_Transmit  stm32f1xx_hal_uart.o
    0x080019a2   0x080019a2   0x00000002   Code   RO         3046    i.HAL_UART_TxCpltCallback  stm32f1xx_hal_uart.o
    0x080019a4   0x080019a4   0x00000002   Code   RO          446    i.HardFault_Handler  stm32f1xx_it.o
    0x080019a6   0x080019a6   0x00000002   PAD
    0x080019a8   0x080019a8   0x0000005c   Code   RO          260    i.MX_DMA_Init       dma.o
    0x08001a04   0x08001a04   0x00000080   Code   RO          236    i.MX_GPIO_Init      gpio.o
    0x08001a84   0x08001a84   0x00000040   Code   RO          286    i.MX_I2C1_Init      i2c.o
    0x08001ac4   0x08001ac4   0x000000fc   Code   RO          329    i.MX_TIM1_Init      tim.o
    0x08001bc0   0x08001bc0   0x000000ac   Code   RO          330    i.MX_TIM2_Init      tim.o
    0x08001c6c   0x08001c6c   0x000000bc   Code   RO          331    i.MX_TIM3_Init      tim.o
    0x08001d28   0x08001d28   0x00000068   Code   RO          332    i.MX_TIM4_Init      tim.o
    0x08001d90   0x08001d90   0x00000038   Code   RO          394    i.MX_USART1_UART_Init  usart.o
    0x08001dc8   0x08001dc8   0x00000038   Code   RO          395    i.MX_USART2_UART_Init  usart.o
    0x08001e00   0x08001e00   0x00000002   Code   RO          447    i.MemManage_Handler  stm32f1xx_it.o
    0x08001e02   0x08001e02   0x00000002   Code   RO          448    i.NMI_Handler       stm32f1xx_it.o
    0x08001e04   0x08001e04   0x00000002   Code   RO          449    i.PendSV_Handler    stm32f1xx_it.o
    0x08001e06   0x08001e06   0x00000002   Code   RO          450    i.SVC_Handler       stm32f1xx_it.o
    0x08001e08   0x08001e08   0x0000002c   Code   RO         3468    i.SeqQueueInit      queue.o
    0x08001e34   0x08001e34   0x00000058   Code   RO         3469    i.SeqQueue_AppendMultiple  queue.o
    0x08001e8c   0x08001e8c   0x0000001a   Code   RO         3471    i.SeqQueue_Create   queue.o
    0x08001ea6   0x08001ea6   0x0000001c   Code   RO         3472    i.SeqQueue_Length   queue.o
    0x08001ec2   0x08001ec2   0x00000062   Code   RO         3474    i.SeqQueue_RetrieveMultiple  queue.o
    0x08001f24   0x08001f24   0x00000012   Code   RO          451    i.SysTick_Handler   stm32f1xx_it.o
    0x08001f36   0x08001f36   0x0000005e   Code   RO           14    i.SystemClock_Config  main.o
    0x08001f94   0x08001f94   0x00000002   Code   RO         3752    i.SystemInit        system_stm32f1xx.o
    0x08001f96   0x08001f96   0x00000002   PAD
    0x08001f98   0x08001f98   0x0000003c   Code   RO         4444    i.System_TaskInit   sys.o
    0x08001fd4   0x08001fd4   0x00000078   Code   RO         4447    i.System_TaskUpdate  sys.o
    0x0800204c   0x0800204c   0x0000000c   Code   RO          452    i.TIM4_IRQHandler   stm32f1xx_it.o
    0x08002058   0x08002058   0x00000078   Code   RO         2127    i.TIM_Base_SetConfig  stm32f1xx_hal_tim.o
    0x080020d0   0x080020d0   0x00000014   Code   RO         2138    i.TIM_ETR_SetConfig  stm32f1xx_hal_tim.o
    0x080020e4   0x080020e4   0x00000010   Code   RO         2139    i.TIM_ITRx_SetConfig  stm32f1xx_hal_tim.o
    0x080020f4   0x080020f4   0x00000050   Code   RO         2140    i.TIM_OC1_SetConfig  stm32f1xx_hal_tim.o
    0x08002144   0x08002144   0x00000058   Code   RO         2141    i.TIM_OC2_SetConfig  stm32f1xx_hal_tim.o
    0x0800219c   0x0800219c   0x00000058   Code   RO         2142    i.TIM_OC3_SetConfig  stm32f1xx_hal_tim.o
    0x080021f4   0x080021f4   0x00000044   Code   RO         2143    i.TIM_OC4_SetConfig  stm32f1xx_hal_tim.o
    0x08002238   0x08002238   0x00000022   Code   RO         2145    i.TIM_TI1_ConfigInputStage  stm32f1xx_hal_tim.o
    0x0800225a   0x0800225a   0x00000024   Code   RO         2147    i.TIM_TI2_ConfigInputStage  stm32f1xx_hal_tim.o
    0x0800227e   0x0800227e   0x00000002   PAD
    0x08002280   0x08002280   0x0000007c   Code   RO         3668    i.Task_scheduling_start  task_scheduling.o
    0x080022fc   0x080022fc   0x00000010   Code   RO         3048    i.UART_DMAAbortOnError  stm32f1xx_hal_uart.o
    0x0800230c   0x0800230c   0x0000004e   Code   RO         3058    i.UART_EndRxTransfer  stm32f1xx_hal_uart.o
    0x0800235a   0x0800235a   0x000000c2   Code   RO         3060    i.UART_Receive_IT   stm32f1xx_hal_uart.o
    0x0800241c   0x0800241c   0x000000b8   Code   RO         3061    i.UART_SetConfig    stm32f1xx_hal_uart.o
    0x080024d4   0x080024d4   0x00000072   Code   RO         3064    i.UART_WaitOnFlagUntilTimeout  stm32f1xx_hal_uart.o
    0x08002546   0x08002546   0x00000002   PAD
    0x08002548   0x08002548   0x0000000c   Code   RO          453    i.USART1_IRQHandler  stm32f1xx_it.o
    0x08002554   0x08002554   0x0000000c   Code   RO          454    i.USART2_IRQHandler  stm32f1xx_it.o
    0x08002560   0x08002560   0x00000002   Code   RO          455    i.UsageFault_Handler  stm32f1xx_it.o
    0x08002562   0x08002562   0x00000002   PAD
    0x08002564   0x08002564   0x00000020   Code   RO         4625    i.__0printf$1       mc_w.l(printf1.o)
    0x08002584   0x08002584   0x00000020   Code   RO         1545    i.__NVIC_SetPriority  stm32f1xx_hal_cortex.o
    0x080025a4   0x080025a4   0x0000000e   Code   RO         4945    i.__scatterload_copy  mc_w.l(handlers.o)
    0x080025b2   0x080025b2   0x00000002   Code   RO         4946    i.__scatterload_null  mc_w.l(handlers.o)
    0x080025b4   0x080025b4   0x0000000e   Code   RO         4947    i.__scatterload_zeroinit  mc_w.l(handlers.o)
    0x080025c2   0x080025c2   0x00000002   PAD
    0x080025c4   0x080025c4   0x00000154   Code   RO         4632    i._printf_core      mc_w.l(printf1.o)
    0x08002718   0x08002718   0x00000018   Code   RO         3397    i.fputc             usart1.o
    0x08002730   0x08002730   0x00000050   Code   RO         4841    i.free              mc_w.l(malloc.o)
    0x08002780   0x08002780   0x00000010   Code   RO         3669    i.get_mock_time_stamp_ms  task_scheduling.o
    0x08002790   0x08002790   0x00000016   Code   RO         3531    i.interval_task_del  interval_task_scheduler.o
    0x080027a6   0x080027a6   0x00000032   Code   RO         3532    i.interval_task_schedule_task  interval_task_scheduler.o
    0x080027d8   0x080027d8   0x00000058   Code   RO         3533    i.interval_task_scheduler_new  interval_task_scheduler.o
    0x08002830   0x08002830   0x00000048   Code   RO         3614    i.list_append       singly_list.o
    0x08002878   0x08002878   0x00000006   Code   RO         3721    i.list_append_i     list_interface.o
    0x0800287e   0x0800287e   0x00000020   Code   RO         3615    i.list_find         singly_list.o
    0x0800289e   0x0800289e   0x0000000a   Code   RO         3616    i.list_get_fir_data  singly_list.o
    0x080028a8   0x080028a8   0x00000004   Code   RO         3617    i.list_get_next_data  singly_list.o
    0x080028ac   0x080028ac   0x00000066   Code   RO         3618    i.list_remove       singly_list.o
    0x08002912   0x08002912   0x0000003a   Code   RO           15    i.main              main.o
    0x0800294c   0x0800294c   0x0000006c   Code   RO         4842    i.malloc            mc_w.l(malloc.o)
    0x080029b8   0x080029b8   0x00000018   Code   RO         3619    i.singly_list_init  singly_list.o
    0x080029d0   0x080029d0   0x00000024   Code   RO         3670    i.task1             task_scheduling.o
    0x080029f4   0x080029f4   0x00000010   Code   RO         4525    i.task1             task.o
    0x08002a04   0x08002a04   0x00000002   Code   RO         3671    i.task2             task_scheduling.o
    0x08002a06   0x08002a06   0x00000002   PAD
    0x08002a08   0x08002a08   0x00000038   Code   RO         4526    i.task2             task.o
    0x08002a40   0x08002a40   0x00000002   Code   RO         4527    i.task3             task.o
    0x08002a42   0x08002a42   0x00000012   Data   RO         1243    .constdata          stm32f1xx_hal_rcc.o
    0x08002a54   0x08002a54   0x00000020   Data   RO         3672    .constdata          task_scheduling.o
    0x08002a74   0x08002a74   0x00000010   Data   RO         3753    .constdata          system_stm32f1xx.o
    0x08002a84   0x08002a84   0x00000008   Data   RO         3754    .constdata          system_stm32f1xx.o
    0x08002a8c   0x08002a8c   0x00000020   Data   RO         4943    Region$$Table       anon$$obj.o


    Execution Region RW_IRAM1 (Exec base: 0x20000000, Load base: 0x08002aac, Size: 0x00002b18, Max: 0x00005000, ABSOLUTE)

    Exec Addr    Load Addr    Size         Type   Attr      Idx    E Section Name        Object

    0x20000000   0x08002aac   0x0000000c   Data   RW         1080    .data               stm32f1xx_hal.o
    0x2000000c   0x08002ab8   0x00000014   Data   RW         3620    .data               singly_list.o
    0x20000020   0x08002acc   0x00000004   Data   RW         3673    .data               task_scheduling.o
    0x20000024   0x08002ad0   0x00000004   Data   RW         3755    .data               system_stm32f1xx.o
    0x20000028   0x08002ad4   0x00000010   Data   RW         4449    .data               sys.o
    0x20000038   0x08002ae4   0x00000014   Data   RW         4529    .data               task.o
    0x2000004c   0x08002af8   0x00000004   Data   RW         4923    .data               mc_w.l(stdout.o)
    0x20000050   0x08002afc   0x00000004   Data   RW         4932    .data               mc_w.l(mvars.o)
    0x20000054   0x08002b00   0x00000004   Data   RW         4933    .data               mc_w.l(mvars.o)
    0x20000058        -       0x00000054   Zero   RW          287    .bss                i2c.o
    0x200000ac        -       0x00000120   Zero   RW          333    .bss                tim.o
    0x200001cc        -       0x000001a0   Zero   RW          396    .bss                usart.o
    0x2000036c        -       0x00002138   Zero   RW         3475    .bss                queue.o
    0x200024a4        -       0x00000060   Zero   RW         4448    .bss                sys.o
    0x20002504        -       0x00000014   Zero   RW         4528    .bss                task.o
    0x20002518        -       0x00000200   Zero   RW            2    HEAP                startup_stm32f103xb.o
    0x20002718        -       0x00000400   Zero   RW            1    STACK               startup_stm32f103xb.o


==============================================================================

Image component sizes


      Code (inc. data)   RO Data    RW Data    ZI Data      Debug   Object Name

        92          4          0          0          0        710   dma.o
       128          8          0          0          0        883   gpio.o
       176         30          0          0         84       1521   i2c.o
       160         10          0          0          0       6290   interval_task_scheduler.o
         6          0          0          0          0        500   list_interface.o
       156          0          0          0          0     436628   main.o
       284         12          0          0       8504       4309   queue.o
       244          4          0         20          0       4207   singly_list.o
        36          8        236          0       1536        768   startup_stm32f103xb.o
       128         24          0         12          0       5053   stm32f1xx_hal.o
       208         14          0          0          0      29715   stm32f1xx_hal_cortex.o
       654         36          0          0          0       3211   stm32f1xx_hal_dma.o
       506         34          0          0          0       3361   stm32f1xx_hal_gpio.o
       392         16          0          0          0       3139   stm32f1xx_hal_i2c.o
        60          8          0          0          0        806   stm32f1xx_hal_msp.o
      1240         84         18          0          0       4900   stm32f1xx_hal_rcc.o
      1470         32          0          0          0      13822   stm32f1xx_hal_tim.o
       192         12          0          0          0       3013   stm32f1xx_hal_tim_ex.o
      1472         10          0          0          0       9162   stm32f1xx_hal_uart.o
       118         42          0          0          0       6460   stm32f1xx_it.o
       180         32          0         16         96       1903   sys.o
         2          0         24          4          0       1011   system_stm32f1xx.o
        74         24          0         20         20       1710   task.o
       178         68         32          4          0       4192   task_scheduling.o
      1068         74          0          0        288       4547   tim.o
       540         50          0          0        416       2575   usart.o
        24          4          0          0          0       1696   usart1.o
         2          0          0          0          0        678   usart2.o

    ----------------------------------------------------------------------
      9814        640        342         76      10944     556770   Object Totals
         0          0         32          0          0          0   (incl. Generated)
        24          0          0          0          0          0   (incl. Padding)

    ----------------------------------------------------------------------

      Code (inc. data)   RO Data    RW Data    ZI Data      Debug   Library Member Name

         0          0          0          0          0          0   entry.o
         0          0          0          0          0          0   entry10a.o
         0          0          0          0          0          0   entry11a.o
         4          0          0          0          0          0   entry12b.o
         8          4          0          0          0          0   entry2.o
         4          0          0          0          0          0   entry5.o
         0          0          0          0          0          0   entry7b.o
         0          0          0          0          0          0   entry8b.o
         8          4          0          0          0          0   entry9a.o
        30          0          0          0          0          0   handlers.o
        36          8          0          0          0         68   init.o
       188         20          0          0          0        160   malloc.o
        36          0          0          0          0         68   memcpya.o
        36          0          0          0          0        108   memseta.o
         0          0          0          8          0          0   mvars.o
       372         14          0          0          0        184   printf1.o
         0          0          0          4          0          0   stdout.o
        44          0          0          0          0         80   uidiv.o

    ----------------------------------------------------------------------
       768         50          0         12          0        668   Library Totals
         2          0          0          0          0          0   (incl. Padding)

    ----------------------------------------------------------------------

      Code (inc. data)   RO Data    RW Data    ZI Data      Debug   Library Name

       766         50          0         12          0        668   mc_w.l

    ----------------------------------------------------------------------
       768         50          0         12          0        668   Library Totals

    ----------------------------------------------------------------------

==============================================================================


      Code (inc. data)   RO Data    RW Data    ZI Data      Debug   

     10582        690        342         88      10944     551350   Grand Totals
     10582        690        342         88      10944     551350   ELF Image Totals
     10582        690        342         88          0          0   ROM Totals

==============================================================================

    Total RO  Size (Code + RO Data)                10924 (  10.67kB)
    Total RW  Size (RW Data + ZI Data)             11032 (  10.77kB)
    Total ROM Size (Code + RO Data + RW Data)      11012 (  10.75kB)

==============================================================================

